  2D#@@@
  2E#@@@
  2E#@@@/@@@
  2I#@@@
  2M#@@@
  2U#@@@
  2W#@@@
  3A#@@
  3B#/@#@@@
  3B#@
  3B#@@
  3D#@@
  3D#@@@
  3E#@
  3E#@@
  3G#@
  3V#@@
  3W#@
  3Z###@@@
  3Z##@@
  3Z##@@@
  3Z#@
  4A##@
  4A##@@@
  4A##@@@@
  4A#@
  4A#@@
  4A#@@@
  4D#@
  4D#@@
  4E#@
  4E#@@@
  4F#@@
  4F#@@@
  4G#@@@
  4H#@
  4I#@@@
  4J###@
  4J###@@@
  4J#@
  4J#@@
  4K#@
  4K#@@
  4L#@
  4L#@@
  4L/@@#@@
  4M#@
  4O#@
  4O#@@
  4R#@
  4S#@@
  4S#@@@
  4T#@
  4U##@
  4U##@@@
  4U#@
  4U#@@
  4U#@@@
  4U#@@@@@@@@
  4X#@
  4X#@@
  4X#@@/@
  4Z#@
  4Z#@@
  4Z#@@@
  5A#@
  5A#@@
  5B##@@@
  5B#@@
  5B#@@@
  5B/@@#@@
  5C#@
  5H#@@
  5I#@@
  5J###@
  5K#@
  5N#@
  5P#@
  5P#@@
  5P#@@@
  5Q#@
  5Q#@@
  5R#@@
  5S#@
  5T#@@
  5U#@@@
  5W#@@
  5X#@
  5Z#/@#@@
  5Z#/@@#@@
  5Z#@@
  6E#@@@
  6F#@
  6K#@@@
  6M#@
  6V#@
  6W#@@
  6W#@@@
  6Y#@@
  7A#@
  7A#@@
  7B#@
  7C#@
  7C#@@@
  7C#@@@@
  7C@#@@
  7D#@
  7D@#@
  7H@#@
  7I#@
  7J#@@@
  7K#@@@
  7K#@@@/#
  7L#@@@
  7L#@@@/#
  7M#@@@
  7M#@@@/#
  7M#@@@/@@@
  7N#@@
  7N#@@@
  7Q#@
  7Q#@@
  7Q@@
  7S##@@
  7S#@
  7W#@
  7X#@@@
  7Z#@@
  8B##@
  8J###@@@/#
  8J##@@@@
  8J##@@@@/#
  8J#@
  8J#@@/#
  8J#@@@
  8J#@@@/#
  8J#@@@@
  8J#@@@@@/#
  8N#@
  8N#@@
  8N#@@@
  8N#@@@/#
  8N#@@@@@/#
  8P#@
  8P#@@
  8Q#@@
  8R#/@@#@@
  8R#@
  8S#@
  8S#@@
  8T#@
  9A###@
  9A##@
  9A##@@
  9A#@
  9A#@/@
  9A#@@
  9A#@@@
  9A#@@@@
  9A#@@@@@
  9A/@##@@
  9A/@#@@@
  9A/@@#@
  9A/@@#@@
  9A/@@#@@@
  9G#@
  9G#@@
  9H#@
  9H#@@
  9H#@@@
  9J#@@
  9K#@
  9K#@@
  9L#@@@
  9M#@
  9M#@@
  9M#@@@
  9N#@@
  9V#@@
  9W#@@@
  9X#@
  9X#@@
  9Y#@
  9Y#@@
  9Z#@
  9Z#@@
  A3@@
  A4#@
  A4#@@
  A4@@
  A6#@
  A6#@@
  A6@@@
  A7#@
  A7#@@
  A9#@
  A9#@@
  A9#@@@
  AA#@
  AA#@@
  AA#@@/#
  AB#@
  AB#@@
  AB#@@/#
  AC#@
  AC#@/#
  AC#@@
  AC#@@/#
  AD#@
  AD#@@
  AE#@
  AE#@@
  AF#@
  AF#@/#
  AF#@@
  AG#@
  AG#@@
  AH#@
  AH#@@
  AH#@@/@#
  AI#@
  AI#@/#
  AI#@@
  AI#@@/#
  AJ#@
  AJ#@@
  AK#@
  AK#@/#
  AK#@@
  AL#@
  AL#@@
  AM###@@
  AM###@@@
  AM##@
  AM#@@@@
  AN###@
  AN#@@
  AN#@@@
  AS#@
  AT#@
  AT#@@
  AT#@@@
  AW#@
  AY#@
  AZ#@
  AZ#@/@
  B0@@
  B1@
  B1@@
  B1@@@
  B2@@@
  B3@@
  B4@
  B4@@
  B4@@@
  B7@
  B7@@
  B8@
  B8@@
  B9@@@
  BA#@
  BA#@@
  BA#@@@
  BD#@@
  BD#@@@
  BD#@@@/@@@
  BG#@@
  BG#@@/#
  BG#@@@
  BG#@@@@
  BH#@
  BH#@@
  BH#@@@
  BH#@@@/@@@
  BH#@@@@
  BH#@@@@@
  BI#@@
  BI#@@@
  BI#@@@/@@@
  BL#@@
  BP#@
  BU#@@
  BV#@
  BV#@/#
  BV#@@
  BV#@@@
  BW#/@@#@@@
  BX#@@
  BX#@@@
  BY##@@
  BY#@@
  BY#@@@
  C3#@
  C3#@@
  C4#@
  C4@
  C4@@#@
  C5#@@
  C5@
  C5@@
  C6#@
  C6@@
  C6@@@
  C9#@
  CA#@@@
  CB#@
  CB#@@
  CB#@@@
  CD#@@@
  CE#@@
  CE#@@/#
  CE#@@@
  CF#@
  CJ#@
  CJ#@@
  CJ#@@@
  CK#@
  CK#@@
  CK#@@@
  CM#@@
  CM#@@@
  CN#@
  CN#@@
  CN#@@@
  CO###@@@
  CO#@@
  CO#@@@
  CP#@@
  CQ#@
  CQ#@@@
  CR#@
  CR#@@
  CR#@@@
  CS##@@
  CS##@@@
  CS#/@@#@@
  CS#@
  CS#@@
  CS#@@@
  CT#/@##@@
  CT#/@#@@
  CT#/@#@@@
  CT#/@@#@@
  CT#/@@#@@@
  CT#@@
  CT#@@@
  CU#@@
  CU#@@@
  CV#@
  CW#@
  CW#@@@
  CX#@
  CX#@@
  CX#@@@
  CZ#@
  D1@
  D1@@
  D1@@@
  D4#@@
  D4@
  D4@@
  D6#@@@
  D7#@
  D7#@@
  D9#@
  DA####@
  DA#@
  DA#@@
  DA#@@@
  DB#@
  DB#@@
  DB#@@@
  DB#@@@@
  DC#@
  DC#@@
  DC#@@@
  DD#@
  DD#@@
  DD#@@@
  DF##@@@
  DF##@@@@
  DF#@
  DF#@@
  DF#@@/@
  DF#@@@
  DG#@
  DG#@@
  DG#@@/@
  DG#@@@
  DG#@@@/@
  DH#@
  DH#@@
  DH#@@/@
  DH#@@@
  DJ#@
  DJ#@@
  DJ#@@@
  DK##@@@@
  DK#@
  DK#@@
  DK#@@/@
  DK#@@@
  DL####@
  DL###@@@
  DL##@@@
  DL##@@@@
  DL#@
  DL#@@
  DL#@@/@
  DL#@@@
  DL#@@@/@
  DL#@@@@
  DM####@
  DM###@@
  DM##@@
  DM##@@@
  DM#@
  DM#@/@
  DM#@@
  DM#@@@
  DN#@@
  DN#@@@
  DO##@@@@
  DO#@@
  DO#@@@
  DP##@@@@
  DP#@
  DP#@/@
  DQ####@@@
  DQ###@@
  DQ###@@@
  DQ##@@@
  DQ#@
  DR###@@
  DR##@@@
  DR#@
  DR#@/@
  DS##@
  DS#@@@
  DT#@
  DT#@@@
  DU##@
  DU#/@#@@
  DU#/@#@@@
  DU#@
  DU#@@
  DU#@@@
  DV#/@@#@@
  DV#@
  DV#@@
  DV#@@@
  DW#@@@
  DX#@
  DX#@@
  DX#@@@
  DX#@@@/#
  DY#@
  DZ#@
  E2#@
  E2#@@
  E2#@@@
  E2@
  E2@@
  E2@@@
  E2@@@@
  E3#@@
  E4#@@
  E7#@
  E7#@@
  E7#@@@
  E7@
  E7@@
  EA#/@#@@
  EA#/@#@@@
  EA#/@@##@
  EA#/@@#@
  EA#/@@#@@
  EA#/@@#@@@
  EA#@
  EA#@@
  EA#@@/#
  EA#@@/@@@
  EA#@@@
  EA#@@@/@
  EA/@@#@@
  EB#@
  EB#@@
  EB#@@@
  EC#@
  EC#@@
  EC#@@@
  ED#@
  ED#@@
  EE###@
  EE#@
  EE#@@
  EF#@
  EF#@@
  EH#@@@
  EI##@
  EI##@@
  EI#@
  EI#@@
  EI#@@@
  EI/@#@@
  EJ#@
  EJ#@@
  EK#@@
  EL#@@
  EM##@@
  EM##@@@
  EM##@@@@@
  EM#@
  EM#@@
  EM#@@@
  EN####@
  EN###@@@
  EN##@@@
  EN#@
  EO##@@
  EO#@
  ER#@
  ER#@@
  ES##@@@
  ES#@
  ES#@@
  ES#@@@
  ES#@@@/#
  ET#@@
  ET#@@@
  EU#@
  EU#@@
  EU#@@@
  EV##@
  EV#@
  EW#@
  EW#@@
  EW#@@@
  EW/@#@@
  EX#@
  EX#@@
  EX#@@@
  EY#@
  EY#@@
  EZ#@@
  F/@##@
  F/@#@@@
  F/@@#@
  F/@@#@@
  F1@@@
  F2@@
  F3@@
  F4@@@
  F4@@@/@
  F5@@
  F5@@@
  F5@@@/@
  F6@@@
  F6@@@/@
  F8@@@
  F8@@@/@
  F9@@
  FG#@@
  FH/@#@@
  FJ/@#@@
  FK#@@
  FK/@@#@@@
  FM#@@
  FO#@@
  FO/@#@@
  FO/@#@@@
  FP#@@
  FQ#@@@
  FR#@@
  FR#@@/@
  FS#@@
  FS#@@@
  FT#
  FY#@@
  G0@
  G0@@@
  G0@@@/@
  G1@
  G1@@@
  G2@
  G2@@
  G2@@/@
  G2@@@
  G3@
  G3@@
  G3@@@
  G3@@@/@
  G4@
  G4@@
  G4@@@
  G4@@@##
  G4@@@/@
  G5@
  G5@/@
  G5@@
  G5@@@
  G6@
  G6@@
  G6@@@
  G7@
  G7@@
  G7@@@
  G7@@@/@
  G8@
  G8@@
  G8@@@
  G9@
  GB###@@
  GB##@@@
  GB#@@
  GB#@@@
  GD#@
  GD#@@
  GD#@@@
  GF#@
  GG##@@
  GI#@
  GI#@@
  GI#@@@
  GJ#@
  GJ#@@@
  GM#@
  GM#@@
  GM#@@@
  GM#@@@/@
  GN#@@
  GS#@@
  GU#@@@
  GW#@
  GW#@@
  GW#@@@
  GX#@
  GX#@@
  GX#@@@
  H2@
  H3#@
  H4#@@
  H4@@@
  HA##@@
  HA##@@@
  HA#@
  HA#@@
  HA#@@@
  HB##@
  HB##@@
  HB##@@@
  HB#/@@#@@
  HB#/@@#@@@
  HB#@
  HB#@@
  HB#@@@
  HB#@@@/@
  HB#@@@@
  HC#/@@#@
  HC#@
  HC#@@
  HC#@@/#
  HC#@@@
  HD#@
  HF###@@
  HF###@@@
  HF##@@
  HF##@@@
  HF##@@@@
  HF#@
  HF#@@
  HF#@@@
  HG###@@
  HG###@@@
  HG##@@
  HG##@@@
  HG##@@@@
  HG#@
  HG#@@
  HG#@@@
  HH#@@
  HI#/@@#@@
  HI#@
  HI#@@
  HI#@@@
  HJ#@@@
  HK#@
  HK#@@
  HK#@@@
  HK#@@@/#
  HL##@@
  HL#/@@#@@
  HL#@@
  HL#@@@
  HO#@
  HP#/@@#@
  HP#@@
  HP#@@@
  HQ#@
  HR#/@#@@
  HR#@@@
  HS#@
  HS#@@
  HS#@@@
  HU#@@
  HV#@
  HZ#@
  HZ#@@
  HZ#@@@
  HZ#@@@@
  I0#@
  I0#@@
  I0/@##@
  I0/@##@/@
  I0/@@#@@@
  I0@@
  I0@@@
  I1@@
  I1@@@
  I2@@
  I2@@@
  I2@@@/#
  I3@@
  I3@@@
  I4@@@
  I5@@@
  I6@@
  I6@@@
  I7@@@
  I8@@@
  IA#@
  IB#@
  IB#@@
  IC#@@@
  IF#/@@#@@@
  IF#@
  IG#/@##@
  IG#/@@#@@
  IH#/@@#@
  IH#/@@#@@
  IH#/@@#@@@
  IH#@
  IH#@@@
  II#@
  II#@@
  II#@@@
  IK#@
  IK#@@@
  IK#@@@/#
  IK#@@@@
  IM#@@@
  IN#@@@
  IN#@@@/#
  IO##@@
  IO#@
  IO#@@
  IP#@@@
  IQ#@
  IQ#@@
  IQ#@@/#
  IQ#@@/@
  IR#@
  IR#@@
  IR#@@@
  IS#/@#@@@
  IS#/@@#@
  IS#/@@#@@
  IS#@@@
  IT#/@#@@
  IT#/@@#@@@
  IT#@
  IT#@@@
  IT#@@@/#
  IU#@@@
  IV#@@
  IV#@@@
  IV#@@@/@
  IW#@@
  IW#@@@
  IX#@@@
  IX#@@@/#
  IY#@
  IY#@@@
  IZ#@
  IZ#@@
  IZ#@@@
  IZ#@@@/#
  J3#@
  J4#@
  J6#@@
  J7#@
  J7#@@
  J7#@@@
  J8/@@#@
  JA#@
  JA#@@
  JA#@@/#
  JA#@@@
  JA#@@@/#
  JD#@@@
  JE#@@@
  JE#@@@/#
  JF#@@@
  JF#@@@/#
  JG#@@@
  JG#@@@/#
  JH#@
  JH#@@
  JH#@@@
  JH#@@@/#
  JI#@@@
  JI#@@@/#
  JI#@@@/@@@@
  JJ#@@@
  JJ#@@@/#
  JK#@@@
  JK#@@@/#
  JL#@@@
  JL#@@@/#
  JM#@@@
  JM#@@@/#
  JN##@@
  JN#@
  JN#@@@
  JN#@@@/#
  JO##@@
  JO#@@@
  JO#@@@/#
  JP#@@@
  JP#@@@/#
  JQ#@@@
  JQ#@@@/#
  JQ#@@@@
  JR#@@
  JR#@@@
  JR#@@@/#
  JR#@@@/@
  JS##@
  JS#@@@
  JS#@@@/#
  JT#@@
  JT#@@@
  JU#@@
  JV#@
  JW#@
  JW#@@@
  JX#@@
  K0@@
  K0@@/#
  K0@@@
  K0@@@/#
  K0@@@/@@#
  K1@@
  K1@@/#
  K1@@/@@#
  K1@@@
  K2@/@@@
  K2@@
  K2@@/#
  K2@@/@@#
  K2@@@
  K2@@@/#
  K3@@
  K3@@/#
  K3@@/@@#
  K3@@@
  K4@@
  K4@@/#
  K4@@@
  K5@@
  K5@@/#
  K5@@@
  K6@@
  K6@@@
  K6@@@/#
  K7@@
  K7@@/#
  K7@@/@@#
  K7@@@
  K7@@@/#
  K8@@
  K8@@@
  K8@@@/#
  K9@@
  K9@@/#
  K9@@@
  K9@@@/#
  KA#@
  KA#@/@@#
  KA#@@
  KA#@@@
  KA#@@@/#
  KB#@
  KB#@@
  KB#@@@
  KB#@@@/#
  KC#@
  KC#@@
  KC#@@@
  KD#@
  KD#@@
  KD#@@@
  KE#@
  KE#@/#
  KE#@@
  KE#@@/#
  KE#@@@
  KF#@
  KF#@@
  KF#@@@
  KG#@
  KG#@@
  KG#@@@
  KH#/@#@@
  KH#/@@#@@
  KH#@
  KH#@/@#
  KH#@/@@#
  KH#@@
  KH#@@/#
  KH#@@/@#
  KH#@@/@@#
  KH#@@@
  KH#@@@/@#
  KI#@
  KI#@/#
  KI#@@
  KI#@@/#
  KI#@@@
  KI#@@@/#
  KJ#@
  KJ#@@
  KJ#@@@
  KK#@
  KK#@@
  KK#@@@
  KL#/@#@@
  KL#@
  KL#@@
  KL#@@@
  KL#@@@/#
  KL#@@@/@#
  KM#@
  KM#@@
  KM#@@@
  KN#@
  KN#@@
  KN#@@@
  KN#@@@/#
  KO#@
  KO#@@
  KO#@@@
  KP#/@@#@
  KP#@
  KP#@/@#
  KP#@@
  KP#@@/@
  KP#@@@
  KQ#@
  KQ#@@
  KR#@
  KR#@@
  KR#@@@
  KS#@
  KS#@/#
  KS#@@
  KS#@@@
  KT##@
  KT#@
  KT#@@
  KT#@@@
  KU#@
  KU#@@
  KV#@
  KV#@@
  KV#@@@
  KW#@
  KW#@@
  KW#@@@
  KX#@
  KX#@@
  KX#@@@
  KY#@
  KY#@@
  KY#@@@
  KZ#@
  KZ#@@
  KZ#@@@
  L2#@
  L2#@@@
  L3#@
  L5#@
  L7#@
  LA#@
  LA#@/@
  LA#@@
  LA#@@@
  LB#@
  LB#@@
  LC#@
  LG##@
  LG#@@
  LM###@
  LN#@
  LN#@@
  LN#@@@
  LO#@
  LQ#@
  LR#@
  LR#@@
  LS#@
  LT#@
  LT#@@
  LU#@
  LU#@@
  LU#@@/@
  LU#@@@
  LU/@@#@@
  LV#@
  LW#@
  LW#@@
  LW#@@@
  LX##@
  LX##@@
  LX#@
  LX#@@
  LX#@@@
  LX#@@@@
  LY#@
  LY#@@
  LY#@@@
  LZ####@@
  LZ###@@
  LZ##@
  LZ##@@
  LZ##@@@
  LZ##@@@@
  LZ#@
  LZ#@@
  LZ#@@/#
  LZ#@@@
  LZ#@@@/@
  LZ/@##@
  M0@
  M0@@
  M0@@@
  M0@@@/@
  M1@
  M1@@@
  M1@@@/@
  M2@
  M3@
  M3@@@
  M4@
  M5@
  M5@@
  M5@@@
  M6@
  M6@@@
  M6@@@/@
  M7@
  M7@@
  M7@@@
  M8@
  M9@
  MC#@
  MD#@
  MD#@@@
  MI#@
  MI#@@@
  MJ#@
  MJ#@@@
  MJ/@@#@/@
  MM#@
  MM#@@@
  MN#@
  MS#@@@
  MU#@
  MU#@@@
  MW#@
  MW#@@@
  MW#@@@/@
  MW/@#@@
  MX#@
  MX#@@
  MX#@@@
  N0#@
  N0@@
  N0@@@
  N1@@
  N1@@/#
  N1@@@
  N1@@@/#
  N2@@
  N2@@/@@#
  N2@@@
  N3@@
  N3@@/#
  N3@@@
  N3@@@/#
  N4@@
  N4@@/#
  N4@@@
  N4@@@/#
  N5/@@#@
  N5@@
  N5@@/#
  N5@@@
  N6@@
  N6@@/#
  N6@@@
  N6@@@/#
  N6@@@/@@#
  N7@@
  N7@@/#
  N7@@/@
  N7@@/@@#
  N7@@@
  N8@@
  N8@@/#
  N8@@@
  N9@@
  N9@@/#
  N9@@@
  NA#@
  NA#@@
  NB#@
  NB#@@
  NC#@
  NC#@@
  ND#@
  ND#@@
  NE#@
  NE#@/#
  NE#@@
  NF#@
  NF#@/#
  NF#@@
  NG#@
  NH#@
  NH#@/@#
  NH#@@
  NH#@@/@#
  NI#@
  NI#@@
  NJ#@
  NJ#@@
  NK#@
  NK#@@
  NL#@
  NL#@@
  NM#@
  NM#@/@@#
  NM#@@
  NN#/@##@@
  NN#@
  NN#@/#
  NN#@@
  NN#@@/#
  NO#@
  NO#@@
  NP#@
  NP#@@
  NP#@@/#
  NP#@@/@#
  NQ#@
  NQ#@/#
  NR#@
  NR#@@
  NR#@@/#
  NS#@
  NS#@@
  NT#@
  NT#@@
  NU#@
  NU#@@
  NV#@
  NV#@@
  NW#@
  NW#@/#
  NW#@@
  NX#@
  NX#@@
  NY#@
  NY#@@
  NZ#@
  NZ#@@
  OA#/@@#@@
  OA#@
  OA#@@
  OA#@@@
  OD#@@
  OE####@@@
  OE##@@@
  OE#@
  OE#@@
  OE#@@@
  OE#@@@/#
  OE#@@@/@
  OF#@
  OF#@@
  OF#@@@
  OG##@
  OG##@@
  OG#@
  OG#@@
  OG#@@@@
  OH####@
  OH###@@@@
  OH##@
  OH##@@
  OH##@@@
  OH#@
  OH#@@
  OH#@@@
  OH#@@@@@@@@
  OH/@#@@@
  OI#@
  OJ#@
  OJ#@@
  OK#@
  OK#@@
  OK#@@@
  OK#@@@/@
  OK/@@#@@
  OL###@@
  OL###@@@
  OL##@@
  OL##@@@
  OL##@@@@
  OL#@
  OL#@@
  OL#@@@
  OM##@@
  OM##@@@
  OM##@@@@
  OM#@
  OM#@@
  OM#@@@
  ON#@@
  ON#@@@
  ON#@@@/@
  OO#@
  OP#@
  OP#@/@
  OP#@@
  OQ#@
  OR#@
  OR#@@
  OR#@@@
  OS#@
  OT#@
  OT#@/@
  OU#@
  OU#@/@
  OU#@@
  OV#@
  OV#@@
  OV#@@@
  OX#@
  OX#@@
  OY#@
  OY#@@
  OZ##@
  OZ##@@
  OZ#@
  OZ#@@
  OZ#@@/@
  OZ#@@@
  OZ/@@#@@
  P2@@@
  P3#@
  P3@
  P3@@
  P4#@
  P4#@@
  P9@@
  PA###@@
  PA##@@
  PA##@@@
  PA##@@@@@
  PA#@
  PA#@@
  PA#@@@
  PA#@@@@
  PB##@
  PB##@@@@@
  PB#@
  PB#@@
  PB#@@@
  PC##@@
  PC##@@@@
  PC##@@@@@@@@
  PC#@
  PC#@@
  PC#@@@
  PD##@
  PD##@@
  PD#@
  PD#@@
  PD#@@@
  PD/@@#@@@
  PE##@
  PE#@
  PE#@@
  PE#@@@
  PF#@
  PF#@@
  PF#@@@
  PG##@
  PG#@
  PG#@@
  PH###@@@
  PH#@
  PH#@@
  PI##@@
  PI##@@@
  PI##@@@@@
  PI#@
  PI#@@
  PI#@@@
  PI#@@@/@
  PJ#/@@#@
  PJ#/@@#@@@
  PJ#@
  PJ#@@
  PP#@@
  PP#@@@
  PQ#@
  PQ#@@
  PR#@
  PR#@@
  PR#@@@
  PS#@
  PS#@@
  PT#@
  PT#@@
  PT#@@/@@#
  PT#@@@
  PU#@@@
  PV#@
  PV#@@
  PV#@@@
  PW#@
  PW#@@
  PX#@
  PY#@
  PY#@@
  PY#@@@
  PZ#@
  PZ#@@
  R0@
  R0@@
  R0@@@
  R1###@@
  R1##@@
  R1@@
  R1@@/#
  R1@@/@
  R1@@@
  R2###@@
  R2@@
  R2@@/#
  R2@@/@
  R2@@@
  R2@@@/@
  R3##@
  R3##@@
  R3@
  R3@@
  R3@@@
  R3@@@/@
  R4#@/@
  R4@@
  R4@@/@
  R4@@@
  R4@@@/#/@
  R5@@
  R5@@/@
  R5@@@
  R6@
  R6@@
  R6@@/@
  R6@@@
  R7@@
  R7@@@
  R8##@@@
  R8@@
  R8@@/#
  R8@@@
  R9@@
  R9@@/#
  R9@@/@
  R9@@@
  RA#@
  RA#@@
  RA#@@/#
  RA#@@/@
  RA#@@/@@@
  RA#@@@
  RA#@@@/#
  RA#@@@@
  RC#@
  RC#@@
  RC#@@/#
  RC#@@@
  RD#@
  RD#@@
  RD#@@@
  RF#@
  RG##@@
  RG##@@@
  RG#@
  RG#@/#
  RJ#@
  RK##@@@
  RK#@
  RK#@@
  RK#@@/@
  RK#@@@
  RL##@@
  RL##@@@
  RL#@
  RL#@/#
  RL#@/@
  RL#@@
  RM#@
  RM#@/@
  RM#@@
  RM#@@@
  RN##@@
  RN##@@@
  RN#@
  RN#@@
  RN#@@/@
  RN#@@@
  RO#@
  RQ#@
  RR#@
  RT#@
  RT#@/#
  RT#@@
  RT@@
  RU#@
  RU#@@
  RU#@@/#
  RU#@@/@
  RU#@@@
  RV#@
  RV#@/#
  RV#@@
  RV#@@/@
  RV#@@@
  RW#@
  RW#@/#
  RW#@@
  RW#@@/#
  RW#@@@
  RW#@@@/#
  RX#@
  RX#@@
  RX#@@@
  RY#@
  RY#@@@
  RZ##@@
  RZ#@
  RZ#@@
  RZ#@@/#
  RZ#@@@
  S0#@@
  S3@@
  S5###@
  S5##@
  S5##@@@
  S5##@@@@
  S5#@
  S5#@/@
  S5#@@
  S5#@@@
  S5/@#@@@
  S5@@
  S6@@
  S7#@
  S7#@@
  SA#@
  SA#@@
  SA#@@@
  SB#@
  SB#@@
  SC#@
  SC#@@
  SD###@@
  SD#@
  SE#@
  SE#@@
  SF#@
  SF#@@
  SG#@
  SI#@
  SI#@@
  SJ#@
  SK##@@
  SK#@
  SK#@@
  SM#/@@#@@
  SM#@
  SM#@@
  SM#@@@
  SM#@@@/#
  SN###@
  SN###@@
  SN##@
  SN##@@
  SN##@@@
  SN##@@@@
  SN#@
  SN#@/@
  SN#@@
  SO##@@
  SO##@@@
  SO#@
  SO#@@
  SO#@@@
  SP##@@@
  SP##@@@@
  SP#@
  SP#@@
  SP#@@@
  SP#@@@/#
  SQ##@@@
  SQ#@
  SQ#@@
  SQ#@@@
  SU#@
  SU#@@
  SU#@@@
  SV#/@@#@@@
  SV#@@
  SV#@@@
  SV#@@@/#
  SW#@@
  SX#@
  SX#@@
  SX#@@@
  SY#@@@
  SZ#@
  SZ#@@@
  T2@
  T2@@
  T3#@@
  T4#@
  T4#@@
  T5@
  T6@
  T6@@
  T7#@
  T7@@
  T8#@@
  T8@@
  TA#/@@#@
  TA#/@@#@@
  TA#@
  TA#@/#
  TA#@/#@
  TA#@@
  TA#@@/#
  TA#@@@
  TA/@@#@@
  TC##@@@
  TC#@
  TC#@@
  TE#@
  TF#@
  TF#@@
  TF#@@@
  TG###@
  TG#/@@#@
  TG#@@
  TG#@@@
  TI#/@#@@
  TI#@
  TI#@@
  TI#@@@
  TK#@
  TK#@@
  TK/@##@
  TL#@
  TM##@
  TM##@@
  TM##@@@
  TM#@
  TM#@@
  TM#@@@
  TM#@@@@
  TO#@
  TO#@@
  TR#@@
  TT#@
  TX#@
  TZ#@@
  U1@@
  U3@@
  U5@
  U5@@
  UA#@
  UA#@/@
  UA#@@
  UA#@@/#
  UA#@@/@
  UA#@@@
  UA#@@@/#
  UA#@@@/@
  UB#@
  UB#@@@
  UC#@
  UC#@@
  UD#@
  UD#@@@/#
  UE##@@
  UF#@
  UG#@
  UI#@
  UK#@@
  UK#@@@
  UN##@@@
  UN#@
  UN#@@
  UN#@@@
  UP#@
  UR#@
  UR#@@
  UR#@@@
  UR#@@@/@
  US#@
  US#@@
  US#@@@
  US#@@@/@
  UT#@
  UT#@@
  UT#@@/@@
  UT#@@@
  UT/@#@@
  UT/@@#@@
  UV#@
  UV#@@
  UV#@@@
  UW#@
  UW#@@
  UW#@@@
  UW#@@@/@@
  UX#@
  UX#@@
  UY#@
  UY#@@
  UZ#@
  UZ#@@
  UZ#@@@
  V2#@
  V2@@
  V3#@@
  V3@
  V3@@
  V4#@
  V4#@@
  V4/@#@@
  V4/@@#@
  V5#@
  V5#@@
  V6#@@
  V7#@@
  V8#@
  V8#@@
  V8#@@@
  VA#@@
  VA#@@/@
  VA#@@@
  VB#@
  VC#@
  VD#@@
  VE#/@#@@
  VE#/@#@@@
  VE#/@@#@@
  VE#/@@#@@@
  VE#@@
  VE#@@@
  VE#@@@/#
  VE#@@@/@#
  VE#@@@/@@#
  VE#@@@@
  VE@########
  VJ#@
  VK#@
  VK#@@
  VK#@@/@
  VK#@@@
  VK#@@@/@
  VK#@@@/@#
  VK#@@@@
  VL#@
  VO#@
  VO#@@
  VO#@@@
  VP#/@#@@
  VP#@
  VP#@@
  VP#@@@
  VR#@
  VR#@/@
  VR#@@
  VR#@@@
  VT#@@
  VU#@@
  VU#@@@
  VX#@
  VX#@@@
  VX#@@@@
  VY#/@#@@
  VY#/@#@@@
  VY#@@
  VY#@@@
  VY#@@@@#@@@
  VZ##@
  W0@/##
  W0@@
  W0@@@
  W0@@@/#
  W1/@@#@
  W1/@@#@@
  W1@@
  W1@@/#
  W1@@/@@#
  W1@@@
  W2/@##@@
  W2/@@#@@
  W2@/@@@@@@@@
  W2@@
  W2@@/#
  W2@@@
  W2@@@/#
  W3@@
  W3@@/#
  W3@@@
  W3@@@/#
  W3@@@/@
  W4@@
  W4@@@
  W4@@@/#
  W5@
  W5@@
  W5@@/#
  W5@@@
  W5@@@/@@#
  W6@@
  W6@@/#
  W6@@@
  W7@
  W7@@
  W7@@/#
  W7@@@
  W7@@@/#
  W8/@@#@
  W8/@@#@@@
  W8@/@@@@@@@@
  W8@@
  W8@@/#
  W8@@@
  W8@@@/#
  W9/@@#@
  W9@@
  W9@@/#
  W9@@@
  W9@@@/#
  WA#@
  WA#@@
  WA#@@@
  WA#@@@/#
  WB#@
  WB#@@
  WB#@@@
  WB#@@@/#
  WC#@
  WC#@/@@#
  WC#@@
  WC#@@/###
  WC#@@@
  WD#@
  WD#@@
  WD#@@@
  WE#@
  WE#@@
  WE#@@@
  WF#@
  WF#@@
  WG#@
  WG#@@
  WG#@@@
  WH#@
  WH#@@
  WH#@@@
  WI#@
  WI#@@
  WJ#@
  WJ#@@
  WJ#@@@
  WK#@
  WK#@/#
  WK#@@
  WL#@
  WL#@@
  WL#@@@
  WM#@
  WM#@@
  WM#@@@
  WN#@
  WN#@/#
  WN#@@
  WN#@@@
  WN#@@@/#
  WO#@
  WO#@@
  WO#@@@
  WP#@
  WP#@@
  WP#@@@
  WP#@@@/@#
  WQ#@
  WQ#@@
  WQ#@@@
  WR#@
  WR#@@
  WS#@
  WS#@/#
  WS#@@
  WS#@@@
  WT#@
  WT#@/#
  WT#@@
  WU#@
  WU#@/#
  WU#@@
  WU#@@@
  WV#@
  WV#@@
  WV#@@@
  WW#@
  WW#@@
  WW#@@/#
  WW#@@/@@@@
  WW#@@@
  WX#@
  WX#@/#
  WX#@@
  WY#@
  WY#@@
  WZ#@
  WZ#@/#
  WZ#@@
  XE#/@#@@@
  XE#@
  XE#@@
  XE#@@@
  XL#@
  XM####@@@
  XP#@
  XQ#@@
  XQ#@@/#
  XQ#@@@
  XR#@
  XR#@@@
  XU#@@@
  XV##@
  XV#@
  XV#@@@
  XX#@
  XZ#@
  YB#@
  YB#@@
  YB#@@/#
  YB#@@@
  YB#@@@/#
  YC#@@
  YC#@@@
  YD#@@
  YD#@@@
  YE#@
  YE#@@
  YE#@@@
  YE@@@#@@
  YF#@@@
  YG#@@@
  YJ#@@
  YL##@@@
  YL#@
  YL#@@
  YL#@@@
  YM#@@
  YM#@@@
  YM#@@@/@
  YN#@@
  YN#@@@
  YO#@@
  YO#@@@
  YO#@@@/@
  YO#@@@@@@@@
  YP#@
  YP#@@
  YQ#@
  YR##@
  YR#@
  YR#@@
  YS#@@
  YT#@
  YT#@@
  YT#@@@
  YU##@@@
  YU#@
  YU#@@
  YU#@@/@
  YU#@@@
  YV#@
  YV#@@
  YV#@@@
  YW#@
  YW#@@
  YY#@@@
  Z2#@@
  Z3#@
  Z3#@@
  Z3@
  Z6#@
  Z6#@@
  ZA#@
  ZA#@@
  ZA/@@#@@
  ZB#@@
  ZD#@
  ZD#@@
  ZF#@
  ZF#@@
  ZL#@
  ZL#@@
  ZL#@@@
  ZL#@@@/@
  ZM#@
  ZM#@@@
  ZP#/@@#@@
  ZP#/@@#@@@
  ZP#@@
  ZP#@@@
  ZR#@
  ZR#@/#
  ZS#@
  ZS#@@
  ZS#@@/@
  ZS#@@@
  ZT#@
  ZV#@
  ZV#@@
  ZW##@@@@@
  ZW#@
  ZW#@@@
  ZW#@@@@@@@@
  ZX#@
  ZY#@
  ZZ#@
  ZZ#@@
