+ 2@#@@@
  2@#@@@/@@@
  3@###@@@
  3@##@@
  3@##@@@
  3@#/@#@@@
  3@#@
  3@#@@
  3@#@@@
  4@###@
  4@###@@@
  4@##@
  4@##@@@
  4@##@@@@
  4@#@
+ 4@#@@
  4@#@@/@
  4@#@@@
  4@#@@@@@@@@
  4@/@@#@@
  5@###@
  5@##@@@
  5@#/@#@@
  5@#/@@#@@
  5@#@
  5@#@@
  5@#@@@
  5@/@@#@@
  6@#@
  6@#@@
  6@#@@@
  7@##@@
  7@#@
  7@#@@
+ 7@#@@@
  7@#@@@/#
  7@#@@@/@@@
  7@#@@@@
  7CW7@@
  7DR5@
  7HB0@
  7QAA
  7QNL
  8@###@@@/#
  8@##@
  8@##@@@@
  8@##@@@@/#
  8@#/@@#@@
  8@#@
  8@#@@
  8@#@@/#
  8@#@@@
  8@#@@@/#
  8@#@@@@
  8@#@@@@@/#
  9@###@
  9@##@
  9@##@@
+ 9@#@
  9@#@/@
+ 9@#@@
+ 9@#@@@
  9@#@@@@
  9@#@@@@@
  9@/@##@@
  9@/@#@@@
  9@/@@#@
  9@/@@#@@
  9@/@@#@@@
  A##@
  A##@@
  A##@@@
  A3@@
  A4@@
  A6@@@
  A@###@
  A@###@@
  A@###@@@
  A@##@
+ A@#@
  A@#@/#
  A@#@/@
+ A@#@@
  A@#@@/#
  A@#@@/@#
  A@#@@@
  A@#@@@@
  B0@@
  B1@
  B1@@
  B1@@@
  B2@@@
  B3@@
  B4@
  B4@@
  B4@@@
  B7@
  B7@@
  B8@
  B8@@
  B9@@@
  B@##@@
  B@#/@@#@@@
  B@#@
  B@#@/#
+ B@#@@
  B@#@@/#
+ B@#@@@
  B@#@@@/@@@
  B@#@@@@
  B@#@@@@@
  C##@
  C##@@
  C4@
  C4@@#@
  C5@
  C5@@
  C6@@
  C6@@@
  C@###@@@
  C@##@@
  C@##@@@
  C@#/@##@@
  C@#/@#@@
  C@#/@#@@@
  C@#/@@#@@
  C@#/@@#@@@
+ C@#@
+ C@#@@
  C@#@@/#
+ C@#@@@
  D##@
  D##@@
  D##@@@
  D1@
  D1@@
  D1@@@
  D4@
  D4@@
  D@####@
  D@####@@@
  D@###@@
  D@###@@@
  D@##@
  D@##@@
  D@##@@@
  D@##@@@@
  D@#/@#@@
  D@#/@#@@@
  D@#/@@#@@
+ D@#@
  D@#@/@
+ D@#@@
  D@#@@/@
+ D@#@@@
  D@#@@@/#
  D@#@@@/@
  D@#@@@@
  E##@
  E##@@
  E##@@@
  E2@
  E2@@
  E2@@@
  E2@@@@
  E7@
  E7@@
  E@####@
  E@###@
  E@###@@@
  E@##@
  E@##@@
  E@##@@@
  E@##@@@@@
  E@#/@#@@
  E@#/@#@@@
  E@#/@@##@
  E@#/@@#@
  E@#/@@#@@
  E@#/@@#@@@
+ E@#@
+ E@#@@
  E@#@@/#
  E@#@@/@@@
+ E@#@@@
  E@#@@@/#
  E@#@@@/@
  E@/@#@@
  E@/@@#@@
  F/@##@
  F/@#@@@
  F/@@#@
  F/@@#@@
  F1@@@
  F2@@
  F3@@
+ F4@@@
  F4@@@/@
  F5@@
+ F5@@@
  F5@@@/@
+ F6@@@
  F6@@@/@
+ F8@@@
  F8@@@/@
  F9@@
  F@#
  F@#@@
  F@#@@/@
  F@#@@@
  F@/@#@@
  F@/@#@@@
  F@/@@#@@@
  G0@
+ G0@@@
  G0@@@/@
  G1@
  G1@@@
  G2@
  G2@@
  G2@@/@
  G2@@@
  G3@
  G3@@
+ G3@@@
  G3@@@/@
  G4@
  G4@@
+ G4@@@
  G4@@@##
  G4@@@/@
  G5@
  G5@/@
  G5@@
  G5@@@
  G6@
  G6@@
  G6@@@
  G7@
  G7@@
  G7@@@
  G7@@@/@
  G8@
  G8@@
  G8@@@
  G9@
  G@###@@
  G@##@@
  G@##@@@
  G@#@
  G@#@@
+ G@#@@@
  G@#@@@/@
  H##@
  H##@@
  H2@
  H4@@@
  H@###@@
  H@###@@@
  H@##@
  H@##@@
  H@##@@@
  H@##@@@@
  H@#/@#@@
  H@#/@@#@
  H@#/@@#@@
  H@#/@@#@@@
+ H@#@
+ H@#@@
  H@#@@/#
+ H@#@@@
  H@#@@@/#
  H@#@@@/@
  H@#@@@@
  I##@
  I##@@
  I#/@##@
  I#/@##@/@
  I#/@@#@@@
  I0@@
  I0@@@
  I1@@
  I1@@@
  I2@@
  I2@@@
  I2@@@/#
  I3@@
  I3@@@
  I4@@@
  I5@@@
  I6@@
  I6@@@
  I7@@@
  I8@@@
  I@##@@
  I@#/@##@
  I@#/@#@@
  I@#/@#@@@
  I@#/@@#@
  I@#/@@#@@
  I@#/@@#@@@
+ I@#@
+ I@#@@
  I@#@@/#
  I@#@@/@
+ I@#@@@
  I@#@@@/#
  I@#@@@/@
  I@#@@@@
  J##@
  J##@@
  J##@@@
  J#/@@#@
  J@##@
  J@##@@
  J@#@
+ J@#@@
  J@#@@/#
+ J@#@@@
+ J@#@@@/#
  J@#@@@/@
  J@#@@@/@@@@
  J@#@@@@
+ K0@@
  K0@@/#
+ K0@@@
  K0@@@/#
  K0@@@/@@#
+ K1@@
  K1@@/#
  K1@@/@@#
+ K1@@@
  K2@/@@@
+ K2@@
  K2@@/#
  K2@@/@@#
+ K2@@@
  K2@@@/#
+ K3@@
  K3@@/#
  K3@@/@@#
+ K3@@@
+ K4@@
  K4@@/#
+ K4@@@
+ K5@@
  K5@@/#
+ K5@@@
+ K6@@
+ K6@@@
  K6@@@/#
+ K7@@
  K7@@/#
  K7@@/@@#
+ K7@@@
  K7@@@/#
+ K8@@
+ K8@@@
  K8@@@/#
+ K9@@
  K9@@/#
+ K9@@@
  K9@@@/#
  K@##@
  K@#/@#@@
  K@#/@@#@
  K@#/@@#@@
+ K@#@
  K@#@/#
  K@#@/@#
  K@#@/@@#
+ K@#@@
  K@#@@/#
  K@#@@/@
  K@#@@/@#
  K@#@@/@@#
+ K@#@@@
  K@#@@@/#
  K@#@@@/@#
  L##@
  L##@@@
  L@####@@
  L@###@
  L@###@@
  L@##@
  L@##@@
  L@##@@@
  L@##@@@@
+ L@#@
  L@#@/@
+ L@#@@
  L@#@@/#
  L@#@@/@
+ L@#@@@
  L@#@@@/@
  L@#@@@@
  L@/@##@
  L@/@@#@@
  M0@
  M0@@
+ M0@@@
  M0@@@/@
  M1@
  M1@@@
  M1@@@/@
  M2@
  M3@
  M3@@@
  M4@
  M5@
  M5@@
  M5@@@
  M6@
  M6@@@
  M6@@@/@
  M7@
  M7@@
  M7@@@
  M8@
  M9@
  M@#@
  M@#@@
+ M@#@@@
  M@#@@@/@
  M@/@#@@
  M@/@@#@/@
  N##@
  N#/@@#@
+ N0@@
+ N0@@@
+ N1@@
  N1@@/#
+ N1@@@
  N1@@@/#
+ N2@@
  N2@@/@@#
+ N2@@@
+ N3@@
  N3@@/#
+ N3@@@
  N3@@@/#
+ N4@@
  N4@@/#
+ N4@@@
  N4@@@/#
+ N5@@
  N5@@/#
+ N5@@@
+ N6@@
  N6@@/#
+ N6@@@
  N6@@@/#
  N6@@@/@@#
+ N7@@
  N7@@/#
  N7@@/@
  N7@@/@@#
+ N7@@@
+ N8@@
  N8@@/#
+ N8@@@
+ N9@@
  N9@@/#
+ N9@@@
  N@#/@##@@
+ N@#@
  N@#@/#
  N@#@/@#
  N@#@/@@#
+ N@#@@
  N@#@@/#
  N@#@@/@#
  O@####@
  O@####@@@
  O@###@@
  O@###@@@
  O@###@@@@
  O@##@
  O@##@@
  O@##@@@
  O@##@@@@
  O@#/@@#@@
+ O@#@
  O@#@/@
+ O@#@@
  O@#@@/@
+ O@#@@@
  O@#@@@/#
  O@#@@@/@
  O@#@@@@
  O@#@@@@@@@@
  O@/@#@@@
  O@/@@#@@
  P##@
  P##@@
  P2@@@
  P3@
  P3@@
  P9@@
  P@###@@
  P@###@@@
  P@##@
  P@##@@
  P@##@@@
  P@##@@@@
  P@##@@@@@
  P@##@@@@@@@@
  P@#/@@#@
  P@#/@@#@@@
+ P@#@
+ P@#@@
  P@#@@/@@#
+ P@#@@@
  P@#@@@/@
  P@#@@@@
  P@/@@#@@@
  R####@@
  R###@
  R###@@
  R###@@@
  R##@/@
  R0@
  R0@@
  R0@@@
  R1@@
  R1@@/#
  R1@@/@
  R1@@@
  R2@@
  R2@@/#
  R2@@/@
  R2@@@
  R2@@@/@
  R3@
+ R3@@
  R3@@@
  R3@@@/@
+ R4@@
  R4@@/@
  R4@@@
  R4@@@/#/@
  R5@@
  R5@@/@
  R5@@@
  R6@
  R6@@
  R6@@/@
  R6@@@
+ R7@@
  R7@@@
  R8@@
  R8@@/#
  R8@@@
+ R9@@
  R9@@/#
  R9@@/@
  R9@@@
  R@##@@
  R@##@@@
+ R@#@
  R@#@/#
  R@#@/@
+ R@#@@
  R@#@@/#
  R@#@@/@
  R@#@@/@@@
+ R@#@@@
  R@#@@@/#
  R@#@@@@
  R@@@
  S####@
  S###@
  S###@@@
  S###@@@@
+ S##@
  S##@/@
+ S##@@
  S##@@@
  S#/@#@@@
  S3@@
  S5@@
  S6@@
  S@###@
  S@###@@
  S@##@
  S@##@@
  S@##@@@
  S@##@@@@
  S@#/@@#@@
  S@#/@@#@@@
+ S@#@
  S@#@/@
+ S@#@@
+ S@#@@@
  S@#@@@/#
  T##@
  T##@@
  T2@
  T2@@
  T5@
  T6@
  T6@@
  T7@@
  T8@@
  T@###@
  T@##@
  T@##@@
  T@##@@@
  T@#/@#@@
  T@#/@@#@
  T@#/@@#@@
+ T@#@
  T@#@/#
  T@#@/#@
+ T@#@@
  T@#@@/#
  T@#@@@
  T@#@@@@
  T@/@##@
  T@/@@#@@
  U1@@
  U3@@
  U5@
  U5@@
  U@##@@
  U@##@@@
+ U@#@
  U@#@/@
+ U@#@@
  U@#@@/#
  U@#@@/@
  U@#@@/@@
+ U@#@@@
  U@#@@@/#
  U@#@@@/@
  U@#@@@/@@
  U@/@#@@
  U@/@@#@@
  V##@
  V##@@
  V##@@@
  V#/@#@@
  V#/@@#@
  V2@@
  V3@
  V3@@
  V@##@
  V@#/@#@@
  V@#/@#@@@
  V@#/@@#@@
  V@#/@@#@@@
  V@#@
  V@#@/@
+ V@#@@
  V@#@@/@
+ V@#@@@
  V@#@@@/#
  V@#@@@/@
  V@#@@@/@#
  V@#@@@/@@#
  V@#@@@@
  V@#@@@@#@@@
  V@@########
  W#/@##@@
  W#/@@#@
  W#/@@#@@
  W#/@@#@@@
  W0@/##
+ W0@@
+ W0@@@
  W0@@@/#
+ W1@@
  W1@@/#
  W1@@/@@#
+ W1@@@
  W2@/@@@@@@@@
+ W2@@
  W2@@/#
+ W2@@@
  W2@@@/#
+ W3@@
  W3@@/#
+ W3@@@
  W3@@@/#
  W3@@@/@
+ W4@@
+ W4@@@
  W4@@@/#
  W5@
+ W5@@
  W5@@/#
+ W5@@@
  W5@@@/@@#
+ W6@@
  W6@@/#
+ W6@@@
  W7@
+ W7@@
  W7@@/#
+ W7@@@
  W7@@@/#
  W8@/@@@@@@@@
+ W8@@
  W8@@/#
+ W8@@@
  W8@@@/#
+ W9@@
  W9@@/#
+ W9@@@
  W9@@@/#
+ W@#@
  W@#@/#
  W@#@/@@#
+ W@#@@
  W@#@@/#
  W@#@@/###
  W@#@@/@@@@
+ W@#@@@
  W@#@@@/#
  W@#@@@/@#
  X@####@@@
  X@##@
  X@#/@#@@@
  X@#@
  X@#@@
  X@#@@/#
  X@#@@@
  Y@##@
  Y@##@@@
+ Y@#@
+ Y@#@@
  Y@#@@/#
  Y@#@@/@
+ Y@#@@@
  Y@#@@@/#
  Y@#@@@/@
  Y@#@@@@@@@@
  Y@@@@#@@
  Z##@
  Z##@@
  Z3@
  Z@##@@@@@
  Z@#/@@#@@
  Z@#/@@#@@@
+ Z@#@
  Z@#@/#
+ Z@#@@
  Z@#@@/@
  Z@#@@@
  Z@#@@@/@
  Z@#@@@@@@@@
  Z@/@@#@@
