  2D0@@@
  2E0@@@
  2E0@@@/@@@
  2E1@@@
  2I0@@@
  2M0@@@
  2U0@@@
  2W0@@@
  3A2@@
  3B8/@#@@@
  3B8@
  3B8@@
  3B9@
  3B9@@
  3D2@@
  3D2@@@
  3E1@@
  3E3@
  3G1@
  3G2@
  3G3@
  3G4@
  3G5@
  3V8@@
  3W1@
  3W3@
  3W9@
  3Z0@
  3Z1##@@@
  3Z1@
  3Z4#@@
  3Z5#@@
  3Z5#@@@
  3Z6@
  3Z7@
  3Z9#@@@
  3Z9@
  4A1#@@@@
  4A2@@@
  4A5#@@@
  4A5@
  4A6#@
  4A6@@
  4A7@
  4D2@
  4D3@
  4D3@@
  4E1@
  4E1@@@
  4E3@
  4F1@@
  4F2@@@
  4F3@@
  4F3@@@
  4F7@@@
  4G1@@@
  4H1@
  4I1@@@
  4J4@
  4J5@
  4J6@
  4J6@@
  4J8##@
  4J8##@@@
  4K4@
  4K6@@
  4K9@
  4L/@@#@@
  4L0@
  4L0@@
  4L1@@
  4L2@
  4L6@@
  4L8@
  4L9@
  4M1@
  4M6@
  4M8@
  4O3@
  4O3@@
  4O4@
  4O6@@
  4O7@@
  4R2@
  4S7@@
  4S9@@@
  4T4@
  4U1#@@@
  4U1@
  4U1@@
  4U1@@@
  4U2#@
  4U7#@
  4U9@@@@@@@@
  4X0@
  4X1@@
  4X2@
  4X4@@
  4X5@@
  4X5@@/@
  4X6@@
  4X6@@/@
  4X7@
  4Z1@@
  4Z4@@
  4Z4@@@
  4Z5@@
  4Z7@
  5A0@@
  5A7@
  5B/@@#@@
  5B4@@
  5B4@@@
  5B6#@@@
  5C5@
  5H3@@
  5H4@@
  5I5@@
  5J5##@
  5K0@
  5N7@
  5P1@
  5P1@@@
  5P5@
  5P5@@
  5P6@
  5P8@
  5P9@
  5Q1@
  5Q2@
  5Q5@
  5Q6@@
  5Q8@
  5R8@@
  5S1@
  5T0@@
  5T3@@
  5T5@@
  5U9@@@
  5W1@@
  5X2@
  5X4@
  5Z4/@#@@
  5Z4/@@#@@
  5Z4@@
  6E2@@@
  6F3@
  6K2@@@
  6K5@@@
  6M6@
  6V7@
  6W1@@
  6W7@@@
  6Y5@@
  7A0@
  7A1@
  7A1@@
  7A2@
  7A7@
  7A8@
  7B1@
  7C1@
  7C1@@@
  7C1@@@@
  7CW#@@
  7D1@
  7DR#@
  7HB#@
  7I1@
  7J1@@@
  7J3@@@
  7K1@@@
  7K1@@@/#
  7K2@@@
  7K3@@@
  7K4@@@
  7L1@@@
  7L1@@@/#
  7L2@@@
  7L3@@@
  7L3@@@/#
  7L4@@@
  7M1@@@/#
  7M2@@@
  7M2@@@/@@@
  7M3@@@
  7M4@@@
  7N2@@@
  7N3@@
  7N3@@@
  7N4@@@
  7Q6@
  7Q7@@
  7QA@
  7QN@
  7S0@
  7S5@
  7S6#@@
  7S7@
  7W7@
  7X2@@@
  7Z1@@
  8B1#@
  8J1#@@@@
  8J1#@@@@/#
  8J1@@@
  8J1@@@/#
  8J2##@@@/#
  8J3@@/#
  8J3@@@
  8J3@@@/#
  8J3@@@@
  8J3@@@@@/#
  8J7@
  8J7@@@@@/#
  8N0@
  8N1@
  8N1@@
  8N1@@@
  8N1@@@/#
  8N1@@@@@/#
  8N2@@
  8N3@@
  8N6@@
  8N8@@
  8P0@
  8P1@
  8P2@
  8P5@
  8P6@@
  8Q7@@
  8R1/@@#@@
  8R5@
  8S0@
  8S0@@
  8S8@
  8T8@
  9A/@##@@
  9A/@#@@@
  9A/@@#@
  9A/@@#@@
  9A/@@#@@@
  9A0@@
  9A0@@@
  9A0@@@@
  9A1##@
  9A1#@@
  9A1@
  9A1@@
  9A1@@@
  9A1@@@@@
  9A2@
  9A2@/@
  9A2@@
  9A3@
  9A3@@
  9A3@@@
  9A4@
  9A4@@
  9A5#@
  9A5@
  9A5@@
  9A5@@@
  9A6@
  9A6@@
  9A6@@@
  9A7##@
  9A7#@
  9A7@
  9A7@@
  9A7@@@
  9A8#@
  9A8@
  9A8@@
  9A9@
  9A9@@
  9G2@@
  9G5@
  9G5@@
  9H1@@
  9H1@@@
  9H3@@
  9H4@
  9H5@@
  9H6@
  9H6@@
  9J2@@
  9K2@
  9K2@@
  9K9@
  9L1@@@
  9M2@
  9M2@@
  9M2@@@
  9M4@@
  9M4@@@
  9M5@
  9M6@@
  9M6@@@
  9M7@@
  9M8@@
  9M8@@@
  9N7@@
  9V1@@
  9W2@@@
  9W6@@@
  9W8@@@
  9X4@
  9X4@@
  9X9@@
  9Y4@
  9Y4@@
  9Z4@
  9Z4@@
  A3A@
  A3S@
  A41@@
  A42@
  A44@
  A45@@
  A47@@
  A4B@
  A4K@
  A4W@
  A60@
  A61@@
  A62@
  A65@@
  A6L@@
  A71@@
  A73@
  A75@@
  A91@@@
  A92@@
  A96@
  AA0@
  AA0@@
  AA1@
  AA1@@
  AA2@
  AA2@@
  AA2@@/#
  AA3@
  AA3@@
  AA4@
  AA4@@
  AA4@@/#
  AA5@
  AA5@@
  AA5@@/#
  AA6@
  AA6@@
  AA7@
  AA7@@
  AA8@
  AA8@@
  AA9@
  AA9@@
  AB0@
  AB0@@
  AB1@
  AB1@@
  AB2@
  AB2@@
  AB3@
  AB3@@
  AB3@@/#
  AB4@
  AB4@@
  AB5@
  AB5@@
  AB5@@/#
  AB6@@
  AB7@
  AB7@@
  AB8@
  AB8@@
  AB9@
  AB9@@
  AC0@
  AC0@@
  AC1@
  AC1@@
  AC2@
  AC2@@
  AC3@
  AC3@@
  AC4@
  AC4@/#
  AC4@@
  AC4@@/#
  AC5@
  AC5@@
  AC6@
  AC6@@
  AC6@@/#
  AC7@
  AC7@@
  AC8@
  AC8@@
  AC9@
  AC9@@
  AD0@
  AD0@@
  AD1@
  AD1@@
  AD2@
  AD2@@
  AD3@
  AD3@@
  AD4@
  AD4@@
  AD5@
  AD5@@
  AD6@
  AD6@@
  AD7@
  AD7@@
  AD8@
  AD8@@
  AD9@
  AD9@@
  AE0@
  AE0@@
  AE1@
  AE1@@
  AE2@
  AE2@@
  AE3@
  AE3@@
  AE4@
  AE4@@
  AE5@
  AE5@@
  AE6@
  AE6@@
  AE7@
  AE7@@
  AE8@
  AE8@@
  AE9@@
  AF0@
  AF0@@
  AF1@
  AF2@
  AF3@
  AF3@@
  AF4@
  AF4@@
  AF5@
  AF5@@
  AF6@
  AF6@@
  AF7@
  AF7@@
  AF8@
  AF8@@
  AF9@
  AF9@/#
  AF9@@
  AG0@
  AG0@@
  AG1@
  AG1@@
  AG2@
  AG2@@
  AG3@
  AG4@
  AG4@@
  AG5@
  AG5@@
  AG6@
  AG6@@
  AG7@
  AG7@@
  AG9@
  AH0@
  AH2@
  AH6@
  AH6@@
  AH6@@/@#
  AH7@
  AI0@
  AI0@/#
  AI1@
  AI1@@
  AI2@
  AI3@
  AI3@@
  AI4@
  AI4@@
  AI5@
  AI5@@
  AI6@
  AI6@/#
  AI6@@
  AI6@@/#
  AI7@
  AI7@@
  AI8@
  AI9@
  AJ0@
  AJ0@@
  AJ1@
  AJ1@@
  AJ2@
  AJ3@
  AJ3@@
  AJ4@
  AJ4@@
  AJ5@
  AJ5@@
  AJ6@
  AJ6@@
  AJ7@
  AJ8@
  AJ9@
  AK0@
  AK0@@
  AK1@
  AK1@@
  AK2@
  AK3@
  AK3@@
  AK4@
  AK4@@
  AK5@
  AK5@@
  AK6@
  AK6@/#
  AK7@
  AK7@@
  AK8@
  AK9@
  AL1@
  AL2@
  AL6@
  AL7@
  AL7@@
  AM1##@@
  AM3##@@
  AM4##@@@
  AM7##@@
  AM7#@
  AM8@@@@
  AN1##@
  AN1@@
  AN1@@@
  AS1@
  AT1@@
  AT3@
  AT5@@@
  AW1@
  AY7@
  AZ1@
  AZ1@/@
  AZ7@
  B0R@
  B1B@@
  B1H@
  B1Z
  B2H@@
  B3H@
  B4D@@
  B4H@
  B4O
  B4R@@
  B4T
  B7A
  B7C
  B7H@
  B7K
  B7N
  B7O@
  B7P
  B8H@
  B8P
  B9C@@
  BA1@@
  BA2@@
  BA3@
  BA3@@
  BA4@@
  BA5@@
  BA6@@
  BA7@@
  BA7@@@
  BA8@@
  BD1@@
  BD1@@@
  BD2@@
  BD3@@
  BD3@@@
  BD4@@
  BD4@@@
  BD5@@
  BD5@@@
  BD7@@
  BD7@@@
  BD7@@@/@@@
  BD8@@@
  BD9@@
  BG0@@@
  BG1@@
  BG1@@@
  BG2@@
  BG2@@@
  BG3@@@
  BG4@@
  BG4@@@
  BG5@@
  BG5@@@
  BG6@@
  BG6@@@
  BG6@@@@
  BG7@@@
  BG8@@
  BG8@@@
  BG9@@
  BG9@@/#
  BG9@@@
  BH1@@@
  BH2@@
  BH2@@@
  BH3@@@
  BH3@@@@
  BH3@@@@@
  BH4@@@
  BH5@
  BH5@@
  BH6@@@
  BH6@@@/@@@
  BH7@@
  BH7@@@
  BH8@@@
  BH9@@@
  BI4@@
  BI4@@@
  BI4@@@/@@@
  BI6@@@
  BI7@@@
  BI8@@@
  BL7@@
  BP0@
  BU2@@
  BV0@
  BV0@@
  BV0@@@
  BV1@@
  BV2@
  BV2@/#
  BV2@@
  BV3@@
  BV4@@
  BW2/@@#@@@
  BX2@@
  BX2@@@
  BX3@@
  BX6@@
  BY1@@
  BY1@@@
  BY3@@
  BY4@@
  BY5@@
  BY6#@@
  BY6@@
  BY7@@
  BY7@@@
  BY8@@
  C31@@
  C37@
  C37@@
  C44@
  C4T
  C4W
  C4W@#@
  C56@@
  C5C
  C5Y@
  C63@
  C6A@@
  C6Q@
  C92@
  CA3@@@
  CA4@@@
  CA5@@@
  CB1@
  CB1@@
  CB2@@@
  CB3@
  CB3@@
  CB4@
  CB5@
  CB6@
  CB6@@
  CB8@
  CD2@@@
  CE1@@
  CE1@@@
  CE2@@
  CE2@@@
  CE3@@
  CE3@@/#
  CE3@@@
  CE4@@
  CE4@@@
  CE5@@
  CE5@@@
  CE6@@
  CE6@@@
  CE7@@
  CE7@@@
  CF3@
  CJ2@@
  CJ3@
  CJ3@@
  CJ3@@@
  CJ7@@@
  CK1@@@
  CK2@
  CK3@@@
  CK4@@
  CK6@@
  CK7@@
  CK9@@
  CM2@@
  CM2@@@
  CM3@@@
  CM6@@
  CM6@@@
  CM8@@
  CM8@@@
  CN2@
  CN2@@
  CN3@
  CN4@
  CN8@@
  CN8@@@
  CO0@@@
  CO2##@@@
  CO2@@
  CO2@@@
  CO3@@
  CO3@@@
  CO5@@
  CO6@@
  CO6@@@
  CO7@@
  CO7@@@
  CO8@@
  CO8@@@
  CO9@@@
  CP5@@
  CP6@@
  CQ3@
  CQ7@
  CQ7@@@
  CQ8@
  CR2@
  CR2@@
  CR3@
  CR3@@
  CR5@
  CR5@@
  CR6@
  CR7@@@
  CS2#@@
  CS2#@@@
  CS2@
  CS3@
  CS5@@
  CS5@@@
  CS7/@@#@@
  CS7@@@
  CS8@@@
  CT1@@
  CT1@@@
  CT2@@@
  CT3@@
  CT4@@
  CT5@@@
  CT7/@#@@
  CT7/@#@@@
  CT7/@@#@@
  CT7/@@#@@@
  CT7@@@
  CT8/@##@@
  CT8/@@#@@
  CT9/@@#@@@
  CT9@@@
  CU2@@
  CU2@@@
  CU3@@
  CU8@@
  CV7@
  CW4@@@
  CW5@
  CW7@
  CX1@@
  CX1@@@
  CX2@@
  CX3@@
  CX4@@
  CX5@
  CX5@@
  CX5@@@
  CX6@@
  CX6@@@
  CX7@@
  CX7@@@
  CX8@@
  CX9@@
  CX9@@@
  CZ1@
  D1A
  D1A@
  D1C@@
  D1D@
  D1H@
  D1M
  D1W@
  D41@@
  D44@@
  D4A
  D4C
  D4C@
  D4Z
  D68@@@
  D70@@
  D73@
  D90@
  DA0@
  DA0@@
  DA0@@@
  DA1@@
  DA2###@
  DA2@
  DA3@
  DB0@@
  DB0@@@@
  DB1@@
  DB1@@@
  DB2@
  DB2@@
  DB2@@@
  DB3@@
  DB4@@
  DB5@@
  DB5@@@
  DB6@@
  DB7@@
  DB8@@
  DB9@@
  DC1@@
  DC1@@@
  DC2@@
  DC3@@
  DC4@
  DC5@@
  DC6@
  DC6@@
  DC7@@
  DC8@@
  DC9@@
  DD0@@
  DD1@
  DD1@@
  DD1@@@
  DD2@
  DD2@@
  DD3@@
  DD4@
  DD5@
  DD5@@
  DD6@@
  DD7@@
  DD8@@
  DD9@@
  DF0@
  DF0@@
  DF0@@/@
  DF0@@@
  DF1#@@@
  DF1@@
  DF1@@@
  DF2@
  DF2@@
  DF2@@@
  DF3@@
  DF3@@@
  DF4@
  DF4@@
  DF4@@@
  DF5@
  DF5@@
  DF5@@@
  DF6@@
  DF7#@@@@
  DF7@@
  DF7@@/@
  DF8@
  DF8@@
  DF9@@
  DG0@@
  DG0@@@
  DG1@@
  DG1@@@
  DG2@@
  DG2@@@
  DG3@
  DG3@@
  DG3@@@
  DG4@
  DG4@@
  DG4@@@
  DG5@
  DG5@@
  DG5@@/@
  DG5@@@
  DG5@@@/@
  DG6@@
  DG6@@@
  DG6@@@/@
  DG7@@
  DG7@@@
  DG8@@
  DG8@@@
  DG9@@
  DG9@@@
  DH0@
  DH0@@
  DH0@@@
  DH1@@
  DH1@@@
  DH2@@
  DH2@@@
  DH3@@@
  DH4@@
  DH4@@@
  DH5@@
  DH6@@
  DH6@@@
  DH7@@
  DH7@@@
  DH8@@
  DH8@@@
  DH9@@
  DH9@@/@
  DJ0@@
  DJ0@@@
  DJ1@@
  DJ1@@@
  DJ2@@
  DJ2@@@
  DJ3@@
  DJ4@@
  DJ5@
  DJ5@@
  DJ6@@
  DJ7@
  DJ7@@
  DJ7@@@
  DJ8@@
  DJ9@@
  DK0@@
  DK0@@/@
  DK0@@@
  DK1@
  DK1@@
  DK1@@@
  DK2@
  DK2@@
  DK2@@@
  DK3@
  DK3@@
  DK3@@@
  DK4@@
  DK4@@@
  DK5@
  DK5@@
  DK5@@@
  DK6@@
  DK6@@@
  DK7#@@@@
  DK7@
  DK7@@
  DK7@@@
  DK8@
  DK8@@
  DK9@@
  DK9@@@
  DL0@@
  DL0@@/@
  DL0@@@
  DL0@@@@
  DL1##@@@
  DL1#@@@
  DL1@
  DL1@@
  DL1@@/@
  DL1@@@
  DL2###@
  DL2@
  DL2@@
  DL2@@@
  DL3#@@@
  DL3@@
  DL3@@@
  DL4@
  DL4@@
  DL4@@@
  DL4@@@/@
  DL5#@@@
  DL5@
  DL5@@
  DL5@@/@
  DL5@@@
  DL6@@
  DL6@@@
  DL7#@@@
  DL7#@@@@
  DL7@
  DL7@@
  DL7@@@
  DL8@
  DL8@@
  DL8@@@
  DL9@@
  DL9@@@
  DM0#@@
  DM0@
  DM1@
  DM1@@
  DM2###@
  DM2@
  DM2@@
  DM2@@@
  DM3#@@
  DM3#@@@
  DM3@
  DM3@/@
  DM3@@
  DM3@@@
  DM4##@@
  DM4@
  DM4@@
  DM4@@@
  DM5@
  DM5@@
  DM5@@@
  DM6@
  DM6@@
  DM6@@@
  DM7#@@@
  DM7@
  DM7@@
  DM8@
  DM8@@
  DM9@@
  DM9@@@
  DN0@@@
  DN1@@
  DN1@@@
  DN4@@
  DN5@@
  DO1@@
  DO1@@@
  DO2@@
  DO3@@
  DO3@@@
  DO4@@
  DO4@@@
  DO5@@
  DO5@@@
  DO6@@
  DO7#@@@@
  DO7@@
  DO7@@@
  DO8@@
  DO8@@@
  DO9@@
  DP3@
  DP4@
  DP5@
  DP6@
  DP6@/@
  DP7#@@@@
  DP7@
  DP8@
  DP9@
  DQ0@
  DQ1###@@@
  DQ1##@@
  DQ1@
  DQ2@
  DQ4@
  DQ5@
  DQ6##@@@
  DQ6#@@@
  DQ6@
  DQ7##@@
  DQ7@
  DQ9@
  DR0@
  DR0@/@
  DR1##@@
  DR1#@@@
  DR1@
  DR2@
  DR3@
  DR3@/@
  DR4@
  DR5#@@@
  DR5@
  DR6@
  DR7@
  DR8@
  DR9@
  DS0@@@
  DS1@@@
  DS2@@@
  DS3@@@
  DS4@@@
  DS5#@
  DS5@@@
  DT1@@@
  DT8@
  DU1/@#@@@
  DU1@
  DU1@@
  DU1@@@
  DU2@@
  DU3#@
  DU3@
  DU3@@
  DU3@@@
  DU4@@
  DU4@@@
  DU6/@#@@
  DU6@@
  DU7@
  DU7@@@
  DU8@@
  DU9@@@
  DV1@@@
  DV3@@@
  DV6@
  DV8/@@#@@
  DV9@
  DV9@@
  DV9@@@
  DW3@@@
  DW4@@@
  DW7@@@
  DW8@@@
  DX0@@
  DX1@
  DX1@@
  DX1@@@
  DX1@@@/#
  DX3@
  DX3@@@
  DX4@@@
  DX7@@
  DX7@@@
  DX9@@
  DX9@@@
  DY1@
  DZ1@
  DZ3@
  DZ9@
  E20@@
  E20@@@
  E21@
  E21@@@
  E22@@@
  E24@@@
  E25@@@
  E27@@
  E28@@
  E29@@
  E29@@@
  E2A
  E2C@@
  E2E
  E2E@
  E2F@
  E2H@
  E2I@@@
  E2K@
  E2X
  E31@@
  E44@@
  E70@
  E70@@
  E70@@@
  E71@
  E71@@
  E71@@@
  E72@
  E72@@
  E73@
  E73@@
  E73@@@
  E74@
  E74@@
  E74@@@
  E75@@
  E76@
  E76@@
  E77@
  E77@@
  E78@
  E78@@
  E79@
  E79@@
  E7C
  E7C@
  E7D@
  E7H@
  E7O@
  EA/@@#@@
  EA1@
  EA1@@
  EA1@@/@@@
  EA1@@@
  EA2@
  EA2@@
  EA2@@@
  EA2@@@/@
  EA3@
  EA3@@
  EA3@@@
  EA4@
  EA4@@
  EA4@@/#
  EA4@@@
  EA5/@#@@
  EA5/@@##@
  EA5/@@#@
  EA5/@@#@@
  EA5/@@#@@@
  EA5@
  EA5@@
  EA5@@@
  EA6/@@#@@
  EA6/@@#@@@
  EA6@
  EA6@@
  EA6@@@
  EA7/@#@@@
  EA7/@@#@@@
  EA7@
  EA7@@
  EA7@@@
  EA8/@#@@@
  EA8/@@#@
  EA8/@@#@@
  EA8/@@#@@@
  EA8@
  EA8@@
  EA8@@@
  EA9/@@#@@@
  EA9@
  EA9@@
  EA9@@@
  EB1@
  EB1@@
  EB1@@@
  EB2@@
  EB2@@@
  EB3@
  EB3@@
  EB3@@@
  EB4@
  EB4@@@
  EB5@
  EB5@@
  EB5@@@
  EB7@
  EB7@@
  EB8@@
  EC1@
  EC1@@
  EC1@@@
  EC2@@
  EC2@@@
  EC3@
  EC3@@
  EC3@@@
  EC4@
  EC4@@
  EC4@@@
  EC5@
  EC5@@
  EC5@@@
  EC6@@
  EC6@@@
  EC7@
  EC7@@
  EC7@@@
  EC8@@@
  ED1@
  ED1@@
  ED2@
  ED3@
  ED3@@
  ED4@
  ED5@
  ED7@
  ED8@
  ED9@
  EE1##@
  EE1@
  EE2@
  EE3@
  EE4@
  EE5@
  EE5@@
  EE7@
  EE8@
  EF0@
  EF1@
  EF2@
  EF3@
  EF4@
  EF4@@
  EF5@
  EF5@@
  EF7@
  EF8@
  EF9@
  EH2@@@
  EI/@#@@
  EI0@
  EI0@@
  EI1#@@
  EI1@
  EI2#@
  EI2@@
  EI2@@@
  EI3@
  EI3@@
  EI3@@@
  EI4@
  EI4@@
  EI4@@@
  EI5@@
  EI5@@@
  EI6@@
  EI7@
  EI7@@
  EI7@@@
  EI8@@
  EI9@
  EI9@@
  EI9@@@
  EJ3@
  EJ6@@
  EK4@@
  EK8@@
  EL2@@
  EM0@
  EM0@@@
  EM2@
  EM3#@@
  EM3#@@@
  EM3#@@@@@
  EM4@
  EM5@
  EM5@@
  EM7@@@
  EM9@
  EN1###@
  EN1##@@@
  EN3#@@@
  EN4@
  EN5@
  EN7@
  EO3@
  EO5#@@
  ER0@@
  ER1@
  ER1@@
  ER3@
  ER3@@
  ER4@
  ER4@@
  ER5@@
  ER7@@
  ER9@@
  ES0@@
  ES1@
  ES1@@
  ES1@@@
  ES1@@@/#
  ES2@@
  ES2@@@
  ES3#@@@
  ES3@
  ES3@@
  ES4@@
  ES5@
  ES5@@
  ES5@@@
  ES6@
  ES6@@
  ES6@@@
  ES7@
  ES7@@
  ES8@@
  ES9@
  ET2@@
  ET3@@
  ET3@@@
  EU1@
  EU1@@
  EU1@@@
  EU2@
  EU2@@
  EU3@
  EU3@@
  EU4@
  EU4@@
  EU5@
  EU6@
  EU6@@
  EU7@@
  EU8@
  EV1@
  EV4@
  EV5@
  EV6@
  EV8#@
  EW/@#@@
  EW1@
  EW1@@
  EW1@@@
  EW2@
  EW2@@
  EW3@
  EW3@@
  EW4@
  EW4@@
  EW5@
  EW6@
  EW6@@
  EW7@
  EW7@@
  EW8@
  EW8@@
  EX0@
  EX8@
  EX8@@
  EX8@@@
  EY7@@
  EY8@
  EY8@@
  EZ3@@
  F/D@#@@
  F/E##@
  F/G#@@@
  F/P@#@
  F1A@@
  F1B@@
  F1D@@
  F1E@@
  F1F@@
  F1G@@
  F1H@@
  F1I@@
  F1M@@
  F1N@@
  F1P@@
  F1R@@
  F1S@@
  F1T@@
  F1U@@
  F1V@@
  F2A@
  F2C@
  F2G@
  F2I@
  F2J@
  F2N@
  F2Y@
  F3O@
  F3P@
  F3W@
  F4A@@
  F4B@@
  F4C@@
  F4D@@
  F4E@@
  F4F@@
  F4G@@
  F4G@@/@
  F4H@@
  F4I@@
  F4K@@
  F4T@@
  F4V@@
  F4W@@
  F5A@@
  F5B@@
  F5C@@
  F5D@
  F5D@@
  F5E@
  F5E@@
  F5F@
  F5F@@
  F5G@@
  F5H@
  F5H@@
  F5H@@/@
  F5I@
  F5I@@
  F5J@
  F5J@@
  F5K@@
  F5L@
  F5L@@
  F5M@
  F5M@@
  F5N@@
  F5O@@
  F5P@
  F5P@@
  F5Q@
  F5R@
  F5R@@
  F5S@@
  F5T@@
  F5U@
  F5U@@
  F5V@
  F5V@@
  F5X@
  F5Z@
  F6A@@
  F6B@@
  F6C@@
  F6C@@/@
  F6D@@
  F6E@@
  F6F@@
  F6G@@
  F6H@@
  F6I@@
  F6J@@
  F6K@@
  F6K@@/@
  F6O@@
  F6R@@
  F6U@@
  F8A@@
  F8B@@
  F8C@@
  F8D@@
  F8E@@
  F8F@@
  F8I@@
  F8K@@
  F8K@@/@
  F8N@@
  F8O@@
  F8T@@
  F9C@
  F9E@
  F9O@
  FG4@@
  FG5@@
  FG8@@
  FH/@#@@
  FJ/@#@@
  FK/@@#@@@
  FK4@@
  FK8@@
  FM1@@
  FM4@@
  FM5@@
  FO/@#@@
  FO/@#@@@
  FO5@@
  FP5@@
  FQ7@@@
  FR1@@
  FR1@@/@
  FR4@@
  FR8@@
  FS4@@@
  FS5@@
  FT8
  FY5@@
  G0A@@
  G0B@@
  G0C
  G0C@@
  G0D@@
  G0E@@
  G0F@@
  G0F@@/@
  G0G@@
  G0H@@
  G0I@@
  G0J@@
  G0K@@
  G0L@@
  G0M@@
  G0N@@
  G0O@@
  G0P@@
  G0R@@
  G0S@@
  G0T@@
  G0U@@
  G0V@@
  G0W@@
  G0X@@
  G0Y@@
  G1A
  G1E
  G1E@@
  G1G@@
  G1H@@
  G1I@@
  G1J@@
  G1M
  G1M@@
  G1N
  G1O@@
  G1P
  G1P@@
  G1R@@
  G1S@@
  G1T@@
  G1V@@
  G1Y@@
  G1Z@@
  G2A@
  G2B@@
  G2C
  G2D
  G2E@
  G2L
  G2L@/@
  G2M@
  G2N@
  G2U
  G2W
  G2X
  G2Z
  G3A@
  G3B
  G3B@
  G3C@
  G3D@
  G3E@@
  G3H@@
  G3I@@
  G3J@@
  G3K
  G3K@@
  G3L
  G3L@@
  G3M
  G3M@@
  G3N@@
  G3O@
  G3O@@
  G3P
  G3P@@
  G3Q
  G3R@@
  G3R@@/@
  G3S@@
  G3T
  G3T@
  G3T@@
  G3U
  G3U@@
  G3V
  G3V@
  G3V@@
  G3W@@
  G3X@@
  G3Y
  G3Y@@
  G3Z
  G3Z@@
  G4A@@
  G4A@@/@
  G4B@@
  G4C
  G4C@@
  G4D@@
  G4E@@
  G4E@@/@
  G4F@@
  G4F@@##
  G4F@@/@
  G4G
  G4G@
  G4G@@
  G4H@
  G4H@@
  G4I@@
  G4J@@
  G4K@@
  G4L
  G4L@@
  G4M@@
  G4N
  G4N@@
  G4O@@
  G4P
  G4P@@
  G4R
  G4R@
  G4R@@
  G4S
  G4S@@
  G4T@@
  G4U
  G4U@@
  G4V@@
  G4W@@
  G4X@@
  G4Y@@
  G4Z@@
  G5B@@
  G5C
  G5D
  G5E@
  G5L@
  G5L@@
  G5N
  G5O
  G5O/@
  G5Q
  G5T@
  G5U
  G5U@
  G5V
  G5W
  G5X@
  G5Y@
  G5Z
  G6A@
  G6A@@
  G6C
  G6E@@
  G6G@@
  G6H@@
  G6M
  G6M@
  G6M@@
  G6N
  G6R@
  G6R@@
  G6S@@
  G6T
  G6T@@
  G6U@@
  G6X
  G6X@
  G6Z@@
  G7B@@
  G7C
  G7C@@
  G7H
  G7H@@
  G7L@@
  G7N@@
  G7P@@
  G7R@
  G7R@@
  G7S@@
  G7T
  G7T@@
  G7U@@
  G7U@@/@
  G7V@@
  G7W@@
  G7X
  G8A
  G8A@@
  G8B@@
  G8C@
  G8C@@
  G8D
  G8F@@
  G8G@@
  G8H@@
  G8K@@
  G8N
  G8N@@
  G8O@
  G8P
  G8P@@
  G8R@
  G8U@@
  G8V@@
  G8X
  G8X@@
  G8Z@@
  G9D
  G9F
  G9P
  G9V
  G9W
  G9X
  G9Y
  GB1##@@
  GB1@@
  GB2@@
  GB3@@
  GB4@@
  GB5@@
  GB5@@@
  GB6#@@@
  GD0@@@
  GD1@@
  GD1@@@
  GD4@@@
  GD5@
  GD6@@
  GF8@
  GG6#@@
  GI0@@@
  GI1@@@
  GI3@@
  GI3@@@
  GI4@
  GI4@@@
  GI5@
  GI5@@
  GI6@@
  GI7@@@
  GJ0@@@
  GJ2@
  GJ3@@@
  GJ4@
  GJ4@@@
  GM0@
  GM0@@@
  GM1@
  GM1@@@
  GM2@
  GM2@@
  GM3@
  GM3@@
  GM3@@@
  GM3@@@/@
  GM4@
  GM4@@
  GM4@@@
  GM5@
  GM5@@
  GM6@@
  GM6@@@
  GM7@
  GM7@@@
  GM7@@@/@
  GM8@@@
  GM9@
  GN5@@
  GS2@@
  GS8@@
  GU0@@@
  GU3@@@
  GU4@@@
  GU7@@@
  GW0@
  GW0@@@
  GW1@@@
  GW2@@@
  GW3@@@
  GW4@
  GW4@@
  GW4@@@
  GW5@
  GW5@@
  GW6@@
  GW6@@@
  GW7@
  GW7@@@
  GW8@
  GW8@@@
  GW9@
  GX0@@@
  GX3@@
  GX4@@
  GX4@@@
  GX5@@
  GX7@
  H2X
  H33@
  H40@@
  H4U@@
  HA0#@@
  HA0@@
  HA0@@@
  HA1@
  HA1@@
  HA1@@@
  HA2@
  HA2@@
  HA2@@@
  HA3@@
  HA3@@@
  HA4@
  HA4@@
  HA5@
  HA5@@
  HA5@@@
  HA6@
  HA6@@
  HA6@@@
  HA7#@@@
  HA7@
  HA7@@
  HA7@@@
  HA8@
  HA8@@
  HA8@@@
  HA9@
  HA9@@
  HA9@@@
  HB0/@@#@@
  HB0/@@#@@@
  HB0@
  HB0@@
  HB1@
  HB2@
  HB2@@@
  HB3@@@
  HB5@
  HB7@
  HB9#@
  HB9#@@
  HB9#@@@
  HB9@
  HB9@@
  HB9@@@
  HB9@@@/@
  HB9@@@@
  HC0@
  HC1/@@#@
  HC1@@
  HC1@@@
  HC2@
  HC2@@
  HC2@@@
  HC5@@
  HC5@@@
  HC7@@
  HC7@@/#
  HD8@
  HF1##@@
  HF1##@@@
  HF1#@@@
  HF1@
  HF2#@@
  HF4#@@@
  HF4#@@@@
  HF5@@@
  HF6@
  HF7@@
  HF9#@@@@
  HF9@
  HF9@@
  HF9@@@
  HG0@
  HG0@@
  HG0@@@
  HG1##@@@
  HG1@
  HG1@@
  HG2#@@
  HG2@
  HG2@@
  HG3##@@
  HG3@
  HG3@@@
  HG4@
  HG5@
  HG5@@
  HG6@
  HG7#@@@
  HG7@
  HG8#@@@@
  HG8@
  HG8@@
  HG9@
  HH2@@
  HI0@@
  HI3/@@#@@
  HI3@
  HI3@@
  HI3@@@
  HI6@@
  HI7@@
  HI8@
  HI8@@
  HI8@@@
  HJ4@@@
  HK1@
  HK1@@
  HK3@
  HK3@@
  HK3@@@
  HK4@
  HK4@@
  HK4@@@
  HK5@@@/#
  HK6@
  HK6@@
  HL0@@
  HL1/@@#@@
  HL1@@@
  HL2@@
  HL2@@@
  HL3#@@
  HL3@@@
  HL4@@@
  HL5@@
  HL5@@@
  HO2@
  HP1@@
  HP1@@@
  HP2@@
  HP2@@@
  HP3@@
  HP6@@@
  HP8/@@#@
  HP9@@@
  HQ9@
  HR1@@@
  HR2@@@
  HR5/@#@@
  HR9/@#@@
  HS0@
  HS0@@
  HS0@@@
  HS1@@
  HS1@@@
  HS2@@@
  HS3@@@
  HS5@@
  HS5@@@
  HS6@@
  HS6@@@
  HS7@@
  HS7@@@
  HS8@@@
  HU1@@
  HV0@
  HZ1@@
  HZ1@@@
  HZ1@@@@
  HZ7@
  I0/@##@
  I0/@##@/@
  I0/@@#@@@
  I06@
  I06@@
  I0B@@
  I0G@@
  I0I@
  I0J@@
  I0K@@
  I0L@@
  I0M@@
  I0O@
  I0O@@
  I0P@@
  I0T@@
  I0U@@
  I0W@@
  I0Y@@
  I0Z@@
  I1B@@
  I1F@@
  I1H@@
  I1J@@
  I1M@@
  I1N@@
  I1O@@
  I1P@@
  I1R@
  I1R@@
  I1S@@
  I1U@
  I1W@@
  I1X@@
  I1Y@@
  I1Z@@
  I2A@
  I2B@@
  I2C@@
  I2D@@
  I2E@@
  I2F@@
  I2G@@
  I2H@@
  I2I@@
  I2J@@
  I2K@@
  I2L@@
  I2M@@
  I2O@@
  I2P@@
  I2R@@
  I2S@@
  I2T@@
  I2V@@
  I2W@@
  I2W@@/#
  I2X@@
  I2Y@@
  I3C@@
  I3E@@
  I3F@@
  I3G@@
  I3J@@
  I3K@@
  I3L@@
  I3M@
  I3M@@
  I3P@@
  I3V@@
  I3Z@@
  I4A@@
  I4E@@
  I4F@@
  I4G@@
  I4H@@
  I4I@@
  I4J@@
  I4L@@
  I4M@@
  I4P@@
  I4T@@
  I4U@@
  I4V@@
  I4W@@
  I4X@@
  I4Y@@
  I4Z@@
  I5C@@
  I5E@@
  I5G@@
  I5J@@
  I5M@@
  I5N@@
  I5O@@
  I5Q@@
  I5S@@
  I5W@@
  I5Y@@
  I6F@@
  I6P@
  I6W@@
  I7B@@
  I7C@@
  I7P@@
  I8C@@
  I8I@@
  I8J@@
  I8K@@
  I8Q@@
  I8T@@
  I8V@@
  I8Y@@
  IA2@
  IB1@
  IB2@
  IB2@@
  IB3@
  IB4@
  IB5@
  IB8@
  IB9@
  IC8@@@
  IF9/@@#@@@
  IF9@
  IG9/@##@
  IG9/@@#@@
  IH9/@@#@
  IH9/@@#@@
  IH9/@@#@@@
  IH9@
  IH9@@@
  II0@
  II1@
  II1@@@
  II2@
  II2@@@
  II3@
  II4@
  II4@@@
  II7@
  II8@
  II9@
  II9@@
  IK0@
  IK0@@@
  IK1@@@
  IK1@@@/#
  IK2@@@
  IK3@@@
  IK3@@@@
  IK4@@@
  IK5@@@
  IK5@@@/#
  IK6@@@
  IK7@@@
  IK8@@@
  IM0@@@
  IN3@@@
  IN3@@@/#
  IO0@
  IO0@@
  IO1@
  IO1@@
  IO2@
  IO2@@
  IO3@
  IO4@
  IO4@@
  IO5@
  IO5@@
  IO6@
  IO6@@
  IO7@
  IO8#@@
  IO8@
  IO8@@
  IO9#@@
  IO9@
  IO9@@
  IP9@@@
  IQ0@@
  IQ1@@
  IQ2@@
  IQ2@@/#
  IQ3@@
  IQ3@@/@
  IQ4@
  IQ4@@
  IQ5@@
  IQ5@@/#
  IQ6@@
  IQ7@@
  IQ8@@
  IQ9@@
  IR0@
  IR1@
  IR2@
  IR3@
  IR4@
  IR5@
  IR6@
  IR7@
  IR7@@
  IR8@
  IR8@@@
  IR9@
  IS0/@#@@@
  IS0/@@#@
  IS0/@@#@@
  IS0@@@
  IT1@
  IT8@@@
  IT9/@#@@
  IT9/@@#@@@
  IT9@@@
  IT9@@@/#
  IU0@@@
  IU1@@@
  IU2@@@
  IU3@@@
  IU4@@@
  IU5@@@
  IU6@@@
  IU7@@@
  IU8@@@
  IV3@@
  IV3@@@
  IV3@@@/@
  IW0@@
  IW0@@@
  IW1@@
  IW1@@@
  IW2@@@
  IW3@@
  IW3@@@
  IW4@@@
  IW5@@
  IW5@@@
  IW6@@@
  IW7@@@
  IW8@@
  IW8@@@
  IW9@@
  IW9@@@
  IX1@@@
  IX1@@@/#
  IY3@
  IY4@@@
  IZ0@@@
  IZ1@@@
  IZ2@@
  IZ2@@@
  IZ3@@@
  IZ4@@@
  IZ5@@
  IZ5@@@
  IZ5@@@/#
  IZ6@
  IZ6@@@
  IZ7@@@
  IZ8@@@
  J35@
  J41@
  J42@
  J49@
  J68@@
  J69@@
  J73@@
  J75@
  J79@@@
  J8/@@#@
  JA0@@
  JA0@@@
  JA0@@@/#
  JA1@
  JA1@@
  JA1@@@
  JA1@@@/#
  JA2@@
  JA2@@/#
  JA2@@@
  JA2@@@/#
  JA3@@
  JA3@@@
  JA3@@@/#
  JA4@@
  JA4@@/#
  JA4@@@
  JA4@@@/#
  JA5@@
  JA5@@@
  JA5@@@/#
  JA6@@
  JA6@@@
  JA6@@@/#
  JA7@
  JA7@@
  JA7@@@
  JA7@@@/#
  JA8@@
  JA8@@@
  JA8@@@/#
  JA9@@
  JA9@@@
  JA9@@@/#
  JD1@@@
  JE0@@@
  JE0@@@/#
  JE1@@@
  JE1@@@/#
  JE2@@@
  JE2@@@/#
  JE3@@@
  JE4@@@
  JE4@@@/#
  JE5@@@
  JE6@@@
  JE6@@@/#
  JE7@@@
  JE7@@@/#
  JE8@@@
  JE8@@@/#
  JE9@@@
  JE9@@@/#
  JF0@@@
  JF1@@@
  JF1@@@/#
  JF2@@@
  JF2@@@/#
  JF3@@@
  JF3@@@/#
  JF4@@@
  JF4@@@/#
  JF5@@@
  JF6@@@
  JF6@@@/#
  JF7@@@
  JF7@@@/#
  JF8@@@
  JF9@@@
  JG0@@@
  JG1@@@
  JG1@@@/#
  JG2@@@
  JG2@@@/#
  JG3@@@
  JG3@@@/#
  JG4@@@
  JG4@@@/#
  JG5@@@
  JG5@@@/#
  JG6@@@
  JG6@@@/#
  JG7@@@
  JG8@@@
  JH0@@@
  JH0@@@/#
  JH1@@@
  JH1@@@/#
  JH2@@@
  JH2@@@/#
  JH3@@@
  JH3@@@/#
  JH4@
  JH4@@
  JH4@@@
  JH4@@@/#
  JH5@@@
  JH5@@@/#
  JH6@@@
  JH7@@@
  JH7@@@/#
  JH8@@@
  JH8@@@/#
  JH9@@@
  JI0@@@
  JI0@@@/@@@@
  JI1@@@
  JI1@@@/#
  JI2@@@
  JI3@@@
  JI4@@@
  JI5@@@
  JI5@@@/#
  JI7@@@
  JJ0@@@
  JJ1@@@
  JJ1@@@/#
  JJ2@@@
  JJ2@@@/#
  JJ3@@@
  JJ5@@@
  JJ5@@@/#
  JJ6@@@
  JJ7@@@
  JJ7@@@/#
  JJ8@@@
  JK1@@@
  JK2@@@
  JK2@@@/#
  JK3@@@
  JK3@@@/#
  JK4@@@
  JK6@@@
  JK6@@@/#
  JK7@@@
  JK8@@@
  JL1@@@
  JL2@@@
  JL3@@@
  JL3@@@/#
  JL6@@@
  JL7@@@
  JL8@@@
  JM1@@@
  JM1@@@/#
  JM2@@@
  JM2@@@/#
  JM3@@@
  JM4@@@
  JM6@@@
  JM7@@@
  JM8@@@
  JN1@
  JN1@@@
  JN1@@@/#
  JN2@@@
  JN2@@@/#
  JN3@@@
  JN4@@@
  JN6@@@
  JN7@@@
  JN9#@@
  JO0#@@
  JO1@@@
  JO2#@@
  JO2@@@
  JO3@@@
  JO3@@@/#
  JO4@@@
  JO6#@@
  JO7@@@
  JP1@@@
  JP1@@@/#
  JP2@@@
  JP3@@@
  JP3@@@/#
  JP6@@@
  JP7@@@
  JQ1@@@
  JQ1@@@/#
  JQ2@@@
  JQ3@@@
  JQ6@@@
  JQ6@@@@
  JR0@@@
  JR0@@@/#
  JR1@@@
  JR1@@@/#
  JR2@@@
  JR2@@@/@
  JR3@@@
  JR3@@@/#
  JR4@@@
  JR4@@@/#
  JR5@@@
  JR6@@
  JR6@@@
  JR6@@@/#
  JR7@@@
  JR7@@@/@
  JR8@@@
  JR8@@@/#
  JR9@@@
  JS1@@@
  JS1@@@/#
  JS2@@@
  JS3@@@
  JS5#@
  JS6@@@
  JT1@@
  JT1@@@
  JT3@@
  JT5@@
  JU1@@
  JV2@
  JW2@
  JW5@
  JW7@@@
  JX2@@
  K0A@
  K0A@/#
  K0A@@
  K0B@
  K0B@@
  K0C@
  K0C@@
  K0D@
  K0D@/#
  K0D@@
  K0E@
  K0E@/#
  K0E@@
  K0F@
  K0F@@
  K0G@
  K0G@@
  K0H@
  K0H@@
  K0I@
  K0I@@
  K0J@
  K0J@@
  K0K@
  K0K@@
  K0L@
  K0L@@
  K0L@@/#
  K0M@
  K0M@@
  K0M@@/@@#
  K0N@
  K0N@@
  K0O@
  K0O@@
  K0P@
  K0P@@
  K0Q@
  K0Q@@
  K0R@
  K0R@@
  K0S@
  K0S@@
  K0T@
  K0T@@
  K0U@
  K0U@@
  K0V@
  K0V@@
  K0W@
  K0W@@
  K0X@
  K0Y@
  K0Y@@
  K0Z@
  K1A@
  K1A@@
  K1B@
  K1B@@
  K1C@
  K1C@@
  K1D@
  K1D@@
  K1E@
  K1E@@
  K1F@
  K1F@@
  K1G@
  K1G@/#
  K1G@@
  K1H@
  K1H@@
  K1I@
  K1I@@
  K1J@
  K1J@@
  K1K@
  K1K@@
  K1L@
  K1L@/#
  K1L@@
  K1M@
  K1M@@
  K1N@
  K1N@@
  K1O@
  K1O@@
  K1P@
  K1P@@
  K1Q@
  K1Q@@
  K1R@
  K1R@@
  K1S@
  K1S@@
  K1T@
  K1T@@
  K1U@
  K1U@@
  K1V@
  K1V@@
  K1W@
  K1W@@
  K1X@
  K1X@/@@#
  K1X@@
  K1Y@
  K1Y@@
  K1Z@
  K1Z@@
  K2A@
  K2A@/#
  K2A@@
  K2B@
  K2B@@
  K2B@@/#
  K2C@
  K2C@@
  K2D@
  K2D@@
  K2E@
  K2E@@
  K2F@
  K2F@@
  K2G@
  K2G@@
  K2H/@@@
  K2H@
  K2H@@
  K2I@
  K2I@@
  K2J@
  K2J@@
  K2K@
  K2K@@
  K2L@
  K2L@/#
  K2L@@
  K2M@
  K2M@/#
  K2M@@
  K2M@@/#
  K2N@
  K2N@/#
  K2N@/@@#
  K2N@@
  K2O@
  K2O@@
  K2P@
  K2P@@
  K2Q@
  K2Q@@
  K2R@
  K2R@@
  K2S@
  K2S@/#
  K2S@@
  K2T@
  K2T@/#
  K2T@@
  K2U@
  K2U@@
  K2V@
  K2V@@
  K2W@
  K2W@@
  K2W@@/#
  K2X@
  K2Y@
  K2Y@/#
  K2Y@@
  K2Z@
  K2Z@/#
  K2Z@@
  K3A@
  K3A@@
  K3B@
  K3B@@
  K3C@
  K3C@@
  K3D@
  K3D@@
  K3E@
  K3E@@
  K3F@
  K3F@@
  K3G@
  K3G@@
  K3H@
  K3H@@
  K3I@
  K3I@/#
  K3I@@
  K3J@
  K3J@@
  K3K@
  K3K@@
  K3L@
  K3L@@
  K3M@
  K3M@/#
  K3M@@
  K3N@
  K3N@@
  K3O@
  K3O@@
  K3P@
  K3P@@
  K3Q@
  K3Q@@
  K3R@
  K3R@@
  K3S@
  K3S@@
  K3T@
  K3T@@
  K3U@
  K3U@@
  K3V@
  K3V@@
  K3W@
  K3W@/@@#
  K3W@@
  K3X@
  K3Y@
  K3Y@@
  K3Z@
  K3Z@@
  K4A@
  K4A@@
  K4B@
  K4B@@
  K4C@
  K4C@@
  K4D@
  K4D@@
  K4E@
  K4E@@
  K4F@
  K4F@@
  K4G@
  K4G@@
  K4H@
  K4H@@
  K4I@
  K4I@/#
  K4I@@
  K4J@
  K4J@@
  K4K@
  K4K@@
  K4L@
  K4L@@
  K4M@
  K4M@@
  K4N@
  K4N@@
  K4O@
  K4O@@
  K4P@
  K4P@@
  K4Q@
  K4Q@@
  K4R@
  K4R@@
  K4S@
  K4S@@
  K4T@
  K4T@@
  K4U@
  K4U@@
  K4V@
  K4V@@
  K4W@
  K4W@@
  K4X@
  K4X@@
  K4Y@
  K4Y@@
  K4Z@
  K4Z@@
  K5A@
  K5A@@
  K5B@
  K5B@@
  K5C@
  K5C@/#
  K5C@@
  K5D@
  K5D@@
  K5E@
  K5E@@
  K5F@
  K5F@@
  K5G@
  K5G@@
  K5H@
  K5H@@
  K5I@
  K5I@@
  K5J@
  K5J@@
  K5K@
  K5K@@
  K5L@
  K5L@@
  K5M@
  K5M@@
  K5N@
  K5N@@
  K5O@
  K5O@@
  K5P@
  K5P@@
  K5Q@
  K5Q@@
  K5R@
  K5R@@
  K5S@
  K5S@@
  K5T@
  K5T@@
  K5U@
  K5U@@
  K5V@
  K5V@@
  K5W@
  K5W@@
  K5X@
  K5Y@
  K5Y@@
  K5Z@
  K5Z@@
  K6A@
  K6A@@
  K6B@
  K6B@@
  K6C@
  K6C@@
  K6D@
  K6D@@
  K6D@@/#
  K6E@
  K6E@@
  K6F@
  K6F@@
  K6G@@
  K6H@
  K6H@@
  K6I@
  K6I@@
  K6J@
  K6J@@
  K6K@
  K6K@@
  K6L@
  K6L@@
  K6M@
  K6M@@
  K6N@
  K6N@@
  K6O@
  K6O@@
  K6P@
  K6P@@
  K6Q@
  K6Q@@
  K6R@
  K6R@@
  K6S@
  K6S@@
  K6T@
  K6T@@
  K6U@
  K6U@@
  K6V@
  K6V@@
  K6W@
  K6W@@
  K6W@@/#
  K6X@
  K6Y@
  K6Y@@
  K6Z@
  K6Z@@
  K7A@
  K7A@@
  K7B@
  K7B@/@@#
  K7B@@
  K7C@
  K7C@@
  K7D@
  K7D@@
  K7E@
  K7E@@
  K7F@
  K7F@@
  K7G@
  K7G@/#
  K7G@@
  K7H@
  K7H@@
  K7I@
  K7I@/#
  K7I@@
  K7I@@/#
  K7J@
  K7J@/#
  K7J@@
  K7K@
  K7K@@
  K7L@
  K7L@@
  K7M@
  K7M@@
  K7N@
  K7N@@
  K7O@
  K7O@/#
  K7O@@
  K7P@
  K7P@@
  K7Q@
  K7Q@@
  K7R@
  K7R@/#
  K7R@@
  K7S@
  K7S@@
  K7T@
  K7T@@
  K7U@
  K7U@@
  K7V@
  K7V@@
  K7W@
  K7W@@
  K7X@
  K7Y@
  K7Y@@
  K7Z@
  K7Z@@
  K8A@
  K8A@@
  K8B@
  K8B@@
  K8C@
  K8C@@
  K8D@
  K8D@@
  K8E@
  K8E@@
  K8F@
  K8F@@
  K8G@
  K8G@@
  K8H@
  K8H@@
  K8I@
  K8I@@
  K8J@
  K8J@@
  K8K@
  K8K@@
  K8L@
  K8L@@
  K8M@
  K8M@@
  K8N@
  K8N@@
  K8O@
  K8O@@
  K8P@
  K8P@@
  K8Q@
  K8Q@@
  K8R@
  K8R@@
  K8R@@/#
  K8S@
  K8S@@
  K8T@
  K8T@@
  K8U@
  K8U@@
  K8V@
  K8V@@
  K8W@
  K8W@@
  K8X@
  K8Y@
  K8Y@@
  K8Z@
  K8Z@@
  K9A@
  K9A@@
  K9B@
  K9B@@
  K9C@
  K9C@@
  K9D@
  K9D@/#
  K9D@@
  K9E@
  K9E@@
  K9F@
  K9F@@
  K9G@
  K9G@@
  K9H@
  K9H@@
  K9I@
  K9I@/#
  K9I@@
  K9J@
  K9J@/#
  K9J@@
  K9K@
  K9K@@
  K9L@
  K9L@@
  K9L@@/#
  K9M@
  K9M@/#
  K9M@@
  K9N@
  K9N@@
  K9O@
  K9O@/#
  K9P@
  K9P@@
  K9Q@
  K9Q@@
  K9Q@@/#
  K9R@
  K9R@@
  K9S@
  K9S@@
  K9T@
  K9T@@
  K9U@
  K9U@@
  K9V@
  K9V@@
  K9W@
  K9W@@
  K9X@
  K9Y@
  K9Y@@
  K9Z@
  K9Z@/#
  K9Z@@
  KA0@
  KA0@@
  KA0@@@
  KA1@
  KA1@@
  KA1@@@
  KA2@
  KA2@@@
  KA3@
  KA3@@@
  KA4@
  KA4@@@
  KA4@@@/#
  KA5@
  KA5@@@
  KA6@
  KA6@/@@#
  KA6@@@
  KA7@
  KA7@@@
  KA8@
  KA8@@@
  KA9@
  KA9@@@
  KB0@
  KB0@@
  KB0@@@
  KB1@
  KB1@@
  KB1@@@
  KB1@@@/#
  KB2@
  KB2@@
  KB2@@@
  KB3@
  KB3@@
  KB3@@@
  KB4@
  KB4@@
  KB4@@@
  KB5@@
  KB5@@@
  KB6@
  KB6@@
  KB6@@@
  KB6@@@/#
  KB7@
  KB7@@
  KB7@@@
  KB8@
  KB8@@
  KB8@@@
  KB9@
  KB9@@
  KB9@@@
  KC0@
  KC0@@
  KC0@@@
  KC1@
  KC1@@
  KC1@@@
  KC2@
  KC2@@
  KC2@@@
  KC3@
  KC3@@
  KC3@@@
  KC4@
  KC4@@
  KC4@@@
  KC5@
  KC5@@
  KC5@@@
  KC6@
  KC6@@@
  KC7@
  KC7@@
  KC7@@@
  KC8@
  KC8@@
  KC8@@@
  KC9@
  KC9@@
  KC9@@@
  KD0@
  KD0@@
  KD0@@@
  KD1@
  KD1@@
  KD1@@@
  KD2@
  KD2@@
  KD2@@@
  KD3@
  KD3@@
  KD3@@@
  KD4@
  KD4@@
  KD4@@@
  KD5@
  KD5@@
  KD5@@@
  KD6@
  KD6@@
  KD6@@@
  KD7@
  KD7@@
  KD7@@@
  KD8@
  KD8@@
  KD8@@@
  KD9@
  KD9@@
  KD9@@@
  KE0@
  KE0@@
  KE0@@@
  KE1@
  KE1@@
  KE1@@@
  KE2@
  KE2@@
  KE2@@/#
  KE3@
  KE3@/#
  KE3@@
  KE4@
  KE4@@
  KE4@@@
  KE5@
  KE5@@
  KE5@@@
  KE6@
  KE6@@
  KE6@@@
  KE7@
  KE7@@
  KE7@@@
  KE8@
  KE8@@
  KE8@@@
  KE9@
  KE9@@
  KF0@
  KF0@@
  KF0@@@
  KF1@
  KF1@@
  KF2@
  KF2@@
  KF3@
  KF3@@
  KF4@@
  KF4@@@
  KF5@@
  KF5@@@
  KF6@
  KF6@@
  KF6@@@
  KF7@
  KF7@@
  KF7@@@
  KF8@
  KF8@@
  KF9@
  KF9@@
  KG0@
  KG0@@
  KG1@
  KG2@
  KG2@@
  KG2@@@
  KG3@
  KG4@
  KG4@@@
  KG5@
  KG5@@
  KG5@@@
  KG6@
  KG6@@
  KG6@@@
  KG7@
  KG7@@
  KG7@@@
  KG8@
  KG8@@
  KG9@
  KG9@@
  KH0@
  KH2@
  KH2@@
  KH2@@/@#
  KH2@@/@@#
  KH2@@@
  KH6/@#@@
  KH6/@@#@@
  KH6@
  KH6@@
  KH6@@/@#
  KH6@@/@@#
  KH6@@@
  KH6@@@/@#
  KH7@
  KH7@/@#
  KH7@/@@#
  KH7@@
  KH7@@/#
  KI0@
  KI0@@
  KI1@
  KI2@
  KI3@
  KI4@
  KI4@@
  KI4@@@
  KI5@
  KI5@@
  KI5@@@
  KI6@
  KI6@@
  KI6@@/#
  KI6@@@
  KI6@@@/#
  KI7@
  KI7@@
  KI7@@@
  KI8@
  KI8@@
  KI9@
  KI9@/#
  KJ0@
  KJ2@
  KJ3@
  KJ3@@
  KJ4@
  KJ4@@
  KJ4@@@
  KJ5@
  KJ5@@
  KJ6@
  KJ6@@
  KJ6@@@
  KJ7@
  KJ7@@
  KJ7@@@
  KJ8@
  KJ8@@
  KJ9@
  KK0@
  KK0@@
  KK0@@@
  KK1@
  KK1@@@
  KK2@
  KK3@
  KK3@@
  KK4@
  KK4@@
  KK4@@@
  KK5@
  KK5@@
  KK5@@@
  KK6@
  KK6@@
  KK6@@@
  KK7@
  KK7@@
  KK7@@@
  KK8@
  KK8@@
  KK9@
  KK9@@
  KL0@
  KL0@@
  KL1@
  KL1@@
  KL2@
  KL2@@
  KL3@@
  KL4@@
  KL7/@#@@
  KL7@
  KL7@@
  KL7@@@
  KL7@@@/#
  KL7@@@/@#
  KM0@
  KM0@@
  KM1@
  KM1@@@
  KM2@
  KM2@@
  KM3@
  KM4@
  KM4@@
  KM4@@@
  KM5@
  KM5@@
  KM6@
  KM6@@
  KM6@@@
  KM7@
  KM7@@
  KM8@
  KM8@@
  KM9@
  KN0@
  KN0@@@/#
  KN1@
  KN1@@
  KN1@@@
  KN2@
  KN3@
  KN3@@@
  KN4@
  KN4@@
  KN4@@@
  KN5@
  KN5@@
  KN6@
  KN6@@
  KN6@@@
  KN7@
  KN7@@
  KN8@
  KN8@@@
  KN9@
  KO0@
  KO1@
  KO2@
  KO2@@
  KO3@
  KO4@
  KO4@@
  KO4@@@
  KO5@
  KO6@
  KO6@@
  KO7@@
  KO8@
  KO8@@@
  KO9@
  KP2@
  KP2@@
  KP2@@@
  KP3@
  KP3@@
  KP4/@@#@
  KP4@
  KP4@/@#
  KP4@@
  KP4@@/@
  KP4@@@
  KQ0@
  KQ1@
  KQ2@
  KQ2@@
  KQ3@
  KQ4@
  KQ4@@
  KQ5@
  KQ6@@
  KQ7@
  KQ7@@
  KQ9@
  KR0@
  KR0@@
  KR0@@@
  KR1@
  KR1@@
  KR2@
  KR2@@
  KR3@
  KR3@@
  KR4@
  KR4@@
  KR4@@@
  KR5@
  KR6@
  KR6@@
  KR6@@@
  KR7@
  KR7@@
  KR8@
  KR8@@
  KR9@
  KS0@@
  KS1@
  KS2@
  KS3@
  KS4@
  KS4@@
  KS4@@@
  KS5@
  KS6@
  KS6@@
  KS7@
  KS7@@
  KS9@
  KS9@/#
  KT0@
  KT0@@
  KT1@
  KT3@
  KT3@@
  KT3@@@
  KT4@
  KT4@@
  KT4@@@
  KT5#@
  KT5@
  KT5@@
  KT6@
  KT7@
  KT7@@
  KT7@@@
  KT8@
  KT9@
  KU0@
  KU1@
  KU1@@
  KU2@
  KU3@
  KU4@
  KU4@@
  KU5@
  KU6@
  KU6@@
  KU7@
  KU7@@
  KU8@
  KU9@
  KV0@
  KV0@@
  KV1@
  KV2@
  KV3@
  KV4@
  KV4@@
  KV5@
  KV5@@
  KV6@
  KV6@@@
  KV7@
  KV7@@
  KV8@
  KV9@
  KW0@
  KW0@@@
  KW1@
  KW1@@
  KW2@
  KW3@
  KW4@
  KW4@@
  KW4@@@
  KW5@
  KW5@@
  KW6@
  KW6@@
  KW6@@@
  KW7@
  KW7@@
  KW7@@@
  KW8@
  KW8@@
  KW9@
  KX0@
  KX1@
  KX2@
  KX2@@
  KX3@
  KX4@
  KX4@@
  KX4@@@
  KX5@
  KX5@@
  KX6@
  KX7@
  KX7@@
  KX8@
  KX9@
  KX9@@
  KY0@
  KY2@
  KY3@
  KY4@
  KY4@@
  KY4@@@
  KY5@
  KY6@
  KY6@@
  KY7@
  KY9@
  KY9@@@
  KZ0@@
  KZ1@
  KZ2@
  KZ3@
  KZ3@@
  KZ4@
  KZ4@@
  KZ4@@@
  KZ5@
  KZ5@@
  KZ6@
  KZ6@@
  KZ7@
  KZ8@
  KZ8@@@
  KZ9@
  KZ9@@
  L20@
  L21@@@
  L33@
  L55@
  L73@
  L77@
  LA0@@
  LA1@
  LA1@/@
  LA1@@
  LA1@@@
  LA2@
  LA2@@
  LA2@@@
  LA3@
  LA3@@
  LA3@@@
  LA4@
  LA4@@
  LA4@@@
  LA5@@
  LA5@@@
  LA6@
  LA6@@
  LA6@@@
  LA7@@
  LA7@@@
  LA8@@
  LA8@@@
  LA9@@
  LA9@@@
  LB1@
  LB1@@
  LB2@@
  LB3@@
  LB4@@
  LB5@@
  LB6@@
  LB7@@
  LB8@@
  LC0@
  LC1@
  LC3@
  LC4@
  LC5@
  LC6@
  LC7@
  LC8@
  LC9@
  LG5@@
  LG8#@
  LM4##@
  LN1@
  LN2@
  LN2@@
  LN4@@@
  LN5@
  LN7@@@
  LN8@
  LO5@
  LO7@
  LQ3@
  LQ5@
  LQ7@
  LR1@
  LR3@
  LR4@@
  LS2@
  LS8@
  LT0@
  LT1@
  LT2@@
  LT3@
  LT5@
  LT6@
  LT7@
  LU/@@#@@
  LU0@@
  LU1@@
  LU1@@/@
  LU1@@@
  LU2@@
  LU2@@@
  LU3@@
  LU3@@@
  LU4@
  LU4@@
  LU4@@@
  LU5@@
  LU5@@@
  LU6@
  LU6@@
  LU6@@@
  LU7@@
  LU7@@@
  LU8@@
  LU8@@@
  LU9@@
  LU9@@@
  LV1@
  LV4@
  LW1@
  LW1@@
  LW1@@@
  LW2@@@
  LW3@@
  LW3@@@
  LW4@@
  LW5@@
  LW5@@@
  LW6@@
  LW6@@@
  LW7@@
  LW8@@
  LW8@@@
  LW9@@@
  LX1@@
  LX1@@@
  LX2#@
  LX2@@
  LX4#@@
  LX4@
  LX5@@
  LX5@@@@
  LX7#@
  LX7@
  LX7@@
  LX8@
  LX8@@
  LX9@@
  LY0@
  LY0@@
  LY0@@@
  LY1@
  LY1@@
  LY1@@@
  LY2@
  LY2@@
  LY2@@@
  LY3@
  LY3@@
  LY3@@@
  LY4@
  LY4@@
  LY5@
  LY5@@
  LY6@
  LY7@
  LY8@
  LY9@
  LZ/@##@
  LZ0@
  LZ0@@
  LZ1###@@
  LZ1##@@
  LZ1#@
  LZ1#@@@
  LZ1@
  LZ1@@
  LZ1@@@
  LZ2#@
  LZ2@
  LZ2@@
  LZ2@@/#
  LZ2@@@
  LZ2@@@/@
  LZ3#@
  LZ3#@@
  LZ3@
  LZ3@@
  LZ3@@@
  LZ4@
  LZ4@@
  LZ5#@@
  LZ5#@@@@
  LZ5@
  LZ5@@
  LZ6#@@@
  LZ6@
  LZ7#@
  LZ7#@@
  LZ7#@@@
  LZ7@
  LZ7@@
  LZ8@
  LZ9@
  M0A
  M0A@@
  M0B
  M0B@@
  M0C@@
  M0D@@
  M0E@@
  M0G@@
  M0H@@
  M0I@@
  M0J@@
  M0K@@
  M0L@@
  M0M@@
  M0N@@
  M0O@@
  M0P
  M0P@@
  M0Q@@
  M0R@@
  M0R@@/@
  M0S@@
  M0T@
  M0T@@
  M0U@@
  M0V@@
  M0W@@
  M0X
  M0X@@
  M0Y@@
  M0Z@@
  M1B
  M1C
  M1D@@
  M1D@@/@
  M1E@@/@
  M1G
  M1G@@
  M1K@@
  M1N
  M1P@@
  M1S@@
  M1T
  M1T@@
  M1U
  M1V@@
  M1X
  M2A
  M2D
  M2E
  M2G
  M2J
  M2L
  M2S
  M2U
  M2W
  M2X
  M3A
  M3A@@
  M3D
  M3D@@
  M3E
  M3E@@
  M3I
  M3J@@
  M3M
  M3P
  M3R
  M3X
  M3X@@
  M3Z@@
  M4A
  M4J
  M4M
  M4U
  M4X
  M4Y
  M5A
  M5A@
  M5A@@
  M5B
  M5B@@
  M5C
  M5D
  M5D@
  M5D@@
  M5E@@
  M5G@@
  M5J@
  M5K@@
  M5L@@
  M5O
  M5S@
  M5T
  M5W
  M5X
  M5Z
  M6A
  M6B@@
  M6E@@
  M6I@@
  M6K@@
  M6M@@
  M6O
  M6O@@
  M6O@@/@
  M6P@@
  M6T
  M6T@@
  M6V@@
  M6W
  M6W@@
  M6X@@
  M6Y@@
  M7A
  M7A@@
  M7D@
  M7D@@
  M7K
  M7K@@
  M7N
  M7O
  M7Q
  M7R
  M7R@@
  M7T
  M7V
  M7W
  M7W@@
  M7Z
  M8A
  M8C
  M8K
  M9A
  M9N
  M9R
  M9T
  M9X
  MC2@
  MD0@
  MD0@@@
  MD1@
  MD2@
  MD4@
  MI0@
  MI0@@@
  MI1@
  MI3@@@
  MI4@
  MI5@
  MI5@@@
  MI7@@@
  MJ/@@#@/@
  MJ0@
  MJ0@@@
  MJ5@
  MM0@
  MM0@@@
  MM1@
  MM1@@@
  MM2@
  MM3@
  MM3@@@
  MM4@
  MM5@@@
  MM7@
  MM8@
  MM9@
  MN0@
  MN5@
  MS0@@@
  MU0@@@
  MU2@
  MW/@#@@
  MW0@@@
  MW0@@@/@
  MW1@@@
  MW2@
  MW5@
  MW6@
  MW7@
  MW7@@@
  MW8@
  MW9@
  MX0@@@
  MX1@@@
  MX3@
  MX5@
  MX5@@@
  MX7@@
  N06@
  N0A@
  N0A@@
  N0B@
  N0B@@
  N0C@
  N0C@@
  N0D@
  N0D@@
  N0E@
  N0E@@
  N0F@
  N0F@@
  N0G@
  N0G@@
  N0H@
  N0H@@
  N0I@
  N0I@@
  N0J@
  N0J@@
  N0K@
  N0K@@
  N0L@
  N0L@@
  N0M@
  N0M@@
  N0N@
  N0N@@
  N0O@
  N0O@@
  N0P@
  N0P@@
  N0Q@
  N0Q@@
  N0R@
  N0R@@
  N0S@
  N0S@@
  N0T@
  N0T@@
  N0U@
  N0U@@
  N0V@
  N0V@@
  N0W@
  N0W@@
  N0X@
  N0X@@
  N0Y@
  N0Y@@
  N0Z@
  N0Z@@
  N1A@
  N1A@@
  N1B@
  N1B@@
  N1C@
  N1C@@
  N1D@
  N1D@@
  N1E@
  N1E@@
  N1F@
  N1F@@
  N1G@
  N1G@@
  N1H@
  N1H@@
  N1I@
  N1I@/#
  N1I@@
  N1J@
  N1J@/#
  N1J@@
  N1K@
  N1K@@
  N1L@
  N1L@@
  N1M@
  N1M@@
  N1N@
  N1N@@
  N1O@@
  N1P@@
  N1Q@
  N1Q@@
  N1R@
  N1R@@
  N1S@
  N1S@@
  N1T@
  N1T@@
  N1U@
  N1U@@
  N1V@
  N1W@
  N1W@@
  N1X@
  N1X@@
  N1X@@/#
  N1Y@
  N1Y@@
  N1Z@
  N2A@
  N2A@@
  N2B@
  N2B@@
  N2C@
  N2C@@
  N2D@
  N2D@@
  N2E@
  N2E@@
  N2F@
  N2F@@
  N2G@
  N2G@@
  N2H@
  N2H@@
  N2I@
  N2I@@
  N2J@
  N2J@@
  N2K@
  N2K@@
  N2L@
  N2L@@
  N2M@
  N2M@@
  N2N@
  N2N@@
  N2O@
  N2O@@
  N2P@
  N2P@@
  N2Q@
  N2Q@@
  N2R@
  N2R@@
  N2S@
  N2S@@
  N2T@
  N2T@@
  N2U@
  N2U@@
  N2V@
  N2V@/@@#
  N2V@@
  N2W@
  N2W@@
  N2X@
  N2Y@
  N2Y@@
  N2Z@
  N2Z@@
  N3A@
  N3A@@
  N3B@
  N3B@@
  N3C@
  N3C@@
  N3C@@/#
  N3D@
  N3D@@
  N3E@
  N3E@/#
  N3E@@
  N3F@
  N3F@@
  N3G@
  N3G@@
  N3H@
  N3H@@
  N3I@
  N3J@
  N3J@@
  N3K@
  N3K@@
  N3L@
  N3L@@
  N3M@
  N3M@@
  N3N@
  N3N@@
  N3O@
  N3O@@
  N3P@
  N3P@@
  N3Q@
  N3Q@@
  N3R@
  N3R@/#
  N3R@@
  N3S@
  N3S@@
  N3T@
  N3T@@
  N3U@
  N3V@
  N3V@@
  N3W@
  N3W@@
  N3X@
  N3X@@
  N3Y@@
  N3Z@
  N3Z@/#
  N4A@
  N4A@@
  N4B@
  N4B@@
  N4B@@/#
  N4C@
  N4C@@
  N4D@
  N4D@/#
  N4D@@
  N4E@
  N4E@@
  N4F@
  N4F@@
  N4G@
  N4G@@
  N4H@
  N4H@@
  N4I@
  N4I@@
  N4J@
  N4J@@
  N4K@
  N4K@@
  N4L@
  N4L@@
  N4M@
  N4M@@
  N4N@
  N4N@@
  N4O@
  N4O@@
  N4P@
  N4P@@
  N4Q@
  N4Q@@
  N4R@
  N4R@@
  N4S@
  N4S@@
  N4T@
  N4T@@
  N4U@
  N4U@@
  N4V@
  N4V@@
  N4W@
  N4W@@
  N4X@
  N4X@@
  N4Y@
  N4Y@@
  N4Z@
  N4Z@@
  N5/@@#@
  N5A@
  N5A@/#
  N5A@@
  N5B@
  N5B@@
  N5C@
  N5C@@
  N5D@
  N5D@@
  N5E@
  N5E@@
  N5F@
  N5G@
  N5G@@
  N5H@
  N5H@@
  N5I@
  N5I@@
  N5J@
  N5J@@
  N5K@
  N5K@@
  N5L@
  N5L@@
  N5M@
  N5M@@
  N5N@
  N5N@@
  N5O@
  N5O@@
  N5P@
  N5P@@
  N5Q@
  N5Q@@
  N5R@
  N5R@@
  N5S@
  N5S@@
  N5T@
  N5T@@
  N5U@
  N5U@@
  N5V@
  N5V@@
  N5W@
  N5W@@
  N5X@
  N5X@@
  N5Y@
  N5Y@@
  N5Z@
  N5Z@@
  N6A@
  N6A@@
  N6B@
  N6B@@
  N6C@
  N6D@
  N6D@@
  N6E@
  N6E@@
  N6E@@/#
  N6F@
  N6F@@
  N6G@
  N6G@@
  N6H@
  N6H@@
  N6I@
  N6I@@
  N6J@
  N6J@@
  N6K@
  N6K@@
  N6L@
  N6L@@
  N6M@
  N6M@@
  N6N@
  N6N@@
  N6O@
  N6O@@
  N6P@
  N6P@@
  N6Q@
  N6Q@@
  N6Q@@/@@#
  N6R@
  N6R@/#
  N6R@@
  N6S@
  N6S@@
  N6T@
  N6T@@
  N6U@
  N6U@@
  N6V@
  N6V@@
  N6W@
  N6W@@
  N6X@
  N6X@@
  N6Y@@
  N6Z@
  N6Z@@
  N7A@
  N7A@@
  N7B@
  N7C@
  N7C@@
  N7D@
  N7D@@
  N7E@
  N7E@/@@#
  N7E@@
  N7F@
  N7F@@
  N7G@
  N7G@/#
  N7G@@
  N7H@/@
  N7H@@
  N7I@
  N7I@@
  N7J@
  N7J@@
  N7K@
  N7K@@
  N7L@
  N7L@@
  N7M@
  N7M@@
  N7N@
  N7N@@
  N7O@
  N7O@@
  N7P@
  N7P@@
  N7Q@
  N7Q@@
  N7R@
  N7R@@
  N7S@
  N7S@@
  N7T@
  N7T@@
  N7U@
  N7U@/#
  N7U@@
  N7V@
  N7V@@
  N7W@
  N7W@/#
  N7W@@
  N7X@
  N7X@@
  N7Y@
  N7Y@@
  N7Z@
  N7Z@@
  N8A@
  N8A@@
  N8B@
  N8B@@
  N8C@
  N8C@@
  N8D@
  N8D@@
  N8E@
  N8E@/#
  N8E@@
  N8F@
  N8F@@
  N8G@
  N8G@/#
  N8G@@
  N8H@
  N8H@@
  N8I@
  N8I@@
  N8J@
  N8J@/#
  N8J@@
  N8K@
  N8K@@
  N8L@
  N8L@@
  N8M@
  N8M@@
  N8N@
  N8N@@
  N8O@
  N8O@@
  N8P@
  N8P@@
  N8Q@
  N8Q@@
  N8R@
  N8R@@
  N8S@
  N8S@@
  N8T@
  N8T@@
  N8U@
  N8U@@
  N8V@
  N8V@@
  N8W@
  N8W@@
  N8X@
  N8X@@
  N8Y@
  N8Y@@
  N8Z@
  N8Z@@
  N9A@
  N9A@@
  N9B@
  N9B@@
  N9C@
  N9C@@
  N9D@
  N9D@/#
  N9D@@
  N9E@
  N9E@@
  N9F@
  N9F@@
  N9G@
  N9G@@
  N9H@@
  N9I@
  N9I@@
  N9J@
  N9J@@
  N9K@
  N9K@@
  N9L@
  N9L@@
  N9M@
  N9M@@
  N9N@
  N9N@/#
  N9N@@
  N9O@
  N9O@@
  N9P@
  N9P@@
  N9Q@@
  N9R@
  N9R@@
  N9S@
  N9S@@
  N9T@
  N9T@@
  N9U@
  N9U@@
  N9V@
  N9V@@
  N9W@
  N9W@@
  N9X@
  N9X@@
  N9Y@
  N9Y@@
  N9Z@
  N9Z@@
  NA0@
  NA0@@
  NA1@
  NA1@@
  NA2@
  NA2@@
  NA3@
  NA3@@
  NA4@
  NA4@@
  NA5@
  NA5@@
  NA6@
  NA6@@
  NA7@
  NA7@@
  NA8@
  NA9@
  NA9@@
  NB0@
  NB0@@
  NB1@
  NB2@
  NB3@
  NB4@
  NB6@
  NB7@
  NB8@
  NC0@
  NC0@@
  NC1@
  NC1@@
  NC3@
  NC4@
  NC4@@
  NC5@
  NC6@
  NC6@@
  NC7@
  NC8@
  NC9@
  ND0@
  ND0@@
  ND1@
  ND2@
  ND3@
  ND4@
  ND4@@
  ND6@
  ND7@
  ND8@
  ND8@@
  ND9@
  NE0@
  NE0@@
  NE1@
  NE1@@
  NE2@
  NE2@@
  NE3@
  NE3@@
  NE4@
  NE4@@
  NE5@
  NE5@@
  NE6@
  NE6@@
  NE7@
  NE7@@
  NE8@
  NE8@/#
  NE9@
  NE9@@
  NF0@
  NF0@@
  NF1@
  NF1@/#
  NF2@@
  NF3@
  NF4@
  NF5@
  NF5@@
  NF6@
  NF7@
  NF8@
  NF9@
  NG0@
  NG1@
  NG2@
  NG3@
  NG4@
  NG5@
  NG6@
  NG7@
  NG9@
  NH2@@
  NH6@
  NH6@/@#
  NH6@@
  NH7@
  NH7@@
  NH7@@/@#
  NI0@
  NI0@@
  NI1@
  NI2@
  NI3@
  NI4@
  NI4@@
  NI5@
  NI6@
  NI7@
  NI8@
  NI9@
  NJ0@
  NJ1@
  NJ2@
  NJ2@@
  NJ3@
  NJ4@
  NJ6@
  NJ7@
  NJ8@
  NJ8@@
  NJ9@
  NK1@
  NK3@
  NK4@
  NK4@@
  NK5@
  NK6@
  NK7@
  NK8@
  NK9@
  NL7@
  NL7@@
  NL8@
  NM1@
  NM1@@
  NM2@
  NM2@/@@#
  NM3@
  NM4@
  NM5@
  NM5@@
  NM6@
  NM6@@
  NM8@
  NM9@
  NN0@
  NN0@@
  NN1@
  NN1@@
  NN2@
  NN2@@
  NN3@
  NN3@@
  NN3@@/#
  NN4/@##@@
  NN4@
  NN4@@
  NN5@
  NN6@
  NN6@@
  NN7@
  NN7@/#
  NN7@@
  NN8@
  NN8@@
  NN9@
  NN9@@
  NO0@
  NO2@
  NO2@@
  NO3@
  NO4@
  NO5@
  NO6@
  NO7@
  NO8@
  NO9@
  NP2@
  NP2@@
  NP3@
  NP3@@
  NP4@
  NP4@@
  NP4@@/#
  NP4@@/@#
  NQ0@
  NQ1@
  NQ2@
  NQ3@
  NQ4@
  NQ5@
  NQ6@
  NQ6@/#
  NQ7@
  NQ8@
  NQ9@
  NR0@
  NR1@
  NR1@@
  NR2@
  NR3@
  NR4@
  NR4@@
  NR5@
  NR5@@
  NR5@@/#
  NR6@
  NR6@@
  NR7@
  NR7@@
  NR8@
  NR9@
  NS0@
  NS1@
  NS1@@
  NS2@
  NS3@
  NS4@
  NS5@
  NS6@
  NS7@
  NS8@
  NS9@
  NT0@
  NT0@@
  NT1@
  NT2@
  NT2@@
  NT3@
  NT3@@
  NT4@
  NT5@
  NT5@@
  NT6@
  NT7@
  NT7@@
  NT8@
  NT9@
  NU0@
  NU1@
  NU1@@
  NU2@
  NU3@
  NU4@
  NU5@
  NU5@@
  NU6@
  NU7@
  NU8@
  NV0@
  NV1@
  NV2@
  NV3@
  NV4@
  NV5@
  NV6@
  NV7@@
  NV8@
  NV9@
  NW0@
  NW1@
  NW2@
  NW3@
  NW3@/#
  NW4@
  NW4@@
  NW5@
  NW6@
  NW7@
  NW7@@
  NW8@
  NW9@
  NX0@
  NX1@
  NX2@
  NX3@
  NX4@
  NX4@@
  NX5@
  NX6@
  NX7@
  NX8@
  NX9@
  NY0@
  NY0@@
  NY1@
  NY1@@
  NY2@
  NY2@@
  NY3@
  NY3@@
  NY4@
  NY6@
  NY6@@
  NY7@
  NY8@
  NY9@
  NZ0@
  NZ1@
  NZ2@
  NZ3@
  NZ4@
  NZ4@@
  NZ5@
  NZ6@
  NZ7@
  NZ8@
  NZ9@
  OA1@
  OA4/@@#@@
  OA4@
  OA4@@
  OA4@@@
  OA9@@@
  OD5@@
  OE0@@
  OE1###@@@
  OE1@
  OE1@@
  OE1@@@
  OE1@@@/#
  OE2#@@@
  OE2@
  OE2@@@
  OE3@
  OE3@@@
  OE4@
  OE4@@@
  OE5@
  OE5@@
  OE5@@@
  OE5@@@/@
  OE6@
  OE6@@
  OE6@@@
  OE7@@
  OE7@@@
  OE8@
  OE8@@@
  OE9@
  OE9@@@
  OF1@
  OF2@@@
  OF3@@
  OF8@
  OF9@
  OF9@@
  OG0@
  OG1#@
  OG1@
  OG1@@@@
  OG2@
  OG3#@@
  OG3@
  OG4@
  OG5#@
  OG5@
  OG6#@
  OG6@
  OG7#@
  OG7#@@
  OG7@
  OG7@@
  OG8@
  OG9#@@
  OG9@
  OH/@#@@@
  OH0@
  OH0@@
  OH0@@@@@@@@
  OH1##@@@@
  OH1#@
  OH1@
  OH1@@
  OH1@@@
  OH1@@@@@@@@
  OH2@
  OH2@@
  OH2@@@
  OH2@@@@@@@@
  OH3###@
  OH3@
  OH3@@
  OH3@@@
  OH3@@@@@@@@
  OH4@
  OH4@@
  OH4@@@
  OH4@@@@@@@@
  OH5@
  OH5@@
  OH5@@@
  OH5@@@@@@@@
  OH6@
  OH6@@
  OH6@@@
  OH7#@@
  OH7#@@@
  OH7@
  OH7@@
  OH7@@@
  OH7@@@@@@@@
  OH8@
  OH8@@
  OH8@@@
  OH8@@@@@@@@
  OH9@
  OH9@@
  OH9@@@
  OI3@
  OJ0@@
  OJ9@
  OK/@@#@@
  OK1@
  OK1@@
  OK1@@@
  OK1@@@/@
  OK2@
  OK2@@
  OK2@@@
  OK3@
  OK3@@
  OK4@
  OK4@@
  OK5@
  OK5@@
  OK5@@@
  OK6@
  OK6@@
  OK7@
  OK7@@
  OK8@@
  OK8@@@
  OL0@
  OL0@@
  OL1#@@@@
  OL1@
  OL1@@@
  OL2##@@@
  OL2@
  OL3#@@@
  OL3@
  OL3@@@
  OL4@
  OL4@@@
  OL5#@@
  OL5@
  OL5@@@
  OL6@
  OL7##@@
  OL7##@@@
  OL7#@@
  OL7#@@@
  OL7@
  OL8@
  OL9##@@
  OL9#@@@@
  OL9@
  OL9@@
  OM0@
  OM0@@
  OM0@@@
  OM1@@
  OM1@@@
  OM2@
  OM2@@
  OM2@@@
  OM3@
  OM3@@
  OM3@@@
  OM4@
  OM4@@
  OM4@@@
  OM5@
  OM5@@
  OM5@@@
  OM6@
  OM6@@
  OM6@@@
  OM7#@@
  OM7#@@@
  OM7@
  OM7@@
  OM8#@@@@
  OM8@
  OM8@@
  OM8@@@
  OM9@@
  ON1@@
  ON2@@
  ON2@@@
  ON3@@
  ON3@@@
  ON4@@
  ON4@@@
  ON4@@@/@
  ON5@@
  ON5@@@
  ON6@@
  ON6@@@
  ON7@@
  ON7@@@
  ON8@@
  ON8@@@
  ON9@@
  ON9@@@
  OO2@
  OO3@
  OO4@
  OO5@
  OO7@
  OO9@
  OP0@
  OP0@@
  OP1@
  OP2@
  OP3@
  OP4@
  OP4@/@
  OP5@
  OP6@
  OP7@
  OQ4@
  OQ5@
  OR0@
  OR1@
  OR2@
  OR2@@
  OR3@
  OR4@
  OR4@@
  OR4@@@
  OR5@
  OR6@
  OR6@@
  OR7@
  OR7@@
  OS0@
  OS4@
  OS8@
  OT0@
  OT1@
  OT2@
  OT2@/@
  OT4@
  OT5@
  OT5@/@
  OT6@
  OT7@
  OU1@
  OU2@
  OU2@@
  OU3@
  OU4@
  OU5@@
  OU7@/@
  OU8@
  OV1@@
  OV1@@@
  OV2@
  OV3@
  OV5@@
  OX3@@
  OX7@
  OY1@
  OY1@@
  OY9@@
  OZ/@@#@@
  OZ0@
  OZ0@@
  OZ1#@
  OZ1@
  OZ1@@
  OZ1@@@
  OZ2@
  OZ2@@
  OZ2@@@
  OZ3#@@
  OZ3@@
  OZ3@@@
  OZ4@
  OZ4@@
  OZ4@@@
  OZ5@
  OZ5@@
  OZ5@@@
  OZ6@@
  OZ6@@@
  OZ7#@
  OZ7@
  OZ7@@
  OZ7@@/@
  OZ8@@
  OZ9@
  OZ9@@
  P2F@@
  P32@
  P33@
  P3A
  P3A@
  P3C
  P3N
  P3W@
  P3X
  P40@
  P40@@
  P43@
  P44@
  P45@
  P49@
  P9K@
  PA0@
  PA0@@
  PA0@@@
  PA1@
  PA1@@
  PA1@@@
  PA2@
  PA2@@
  PA2@@@
  PA3##@@
  PA3#@@@@@
  PA3@
  PA3@@
  PA3@@@
  PA4#@@
  PA4@
  PA4@@
  PA4@@@
  PA5@
  PA5@@
  PA6@
  PA6@@
  PA6@@@
  PA6@@@@
  PA7#@@@
  PA7@
  PA7@@
  PA7@@@
  PA8@
  PA8@@
  PA9@
  PA9@@
  PA9@@@
  PB0#@
  PB0@
  PB0@@@
  PB2@
  PB3#@@@@@
  PB4@@
  PB5@
  PB5@@
  PB6@
  PB7#@
  PB7@
  PB7@@
  PB8@@
  PB9@@
  PC1#@@@@@@@@
  PC1@@
  PC1@@@
  PC2#@@
  PC2@
  PC2@@
  PC3@
  PC4@
  PC4@@
  PC5@
  PC5@@
  PC6@
  PC7#@@@@
  PC7@
  PC8@
  PC9@
  PC9@@
  PD/@@#@@@
  PD0@@
  PD0@@@
  PD1@
  PD1@@
  PD1@@@
  PD2@
  PD2@@
  PD2@@@
  PD3@@
  PD3@@@
  PD4@
  PD4@@
  PD5@
  PD5@@
  PD5@@@
  PD7#@
  PD7#@@
  PD7@
  PD7@@
  PD7@@@
  PD8@
  PD8@@
  PD9@
  PD9@@
  PE0#@
  PE0@@
  PE0@@@
  PE1@
  PE1@@
  PE1@@@
  PE2@
  PE2@@
  PE2@@@
  PE3@
  PE4@
  PE4@@
  PE4@@@
  PE5@
  PE5@@
  PE5@@@
  PE6@
  PE9@@
  PF0@
  PF1@@
  PF1@@@
  PF5@
  PF6@
  PF7@@@
  PG0#@
  PG1@
  PG2@
  PG2@@
  PG3@
  PG4@
  PG5@
  PG6@
  PG7@
  PG8@
  PH0@@
  PH1##@@@
  PH1@
  PH2@
  PH4@
  PH7@
  PH9@
  PH9@@
  PI3#@@@
  PI4#@@
  PI4@
  PI4@@
  PI4@@@
  PI4@@@/@
  PI5@@@
  PI7#@@@
  PI7#@@@@@
  PJ0@@
  PJ2@
  PJ2@@
  PJ4@
  PJ4@@
  PJ5/@@#@
  PJ5/@@#@@@
  PJ7@@
  PP1@@
  PP2@@
  PP2@@@
  PP5@@
  PP5@@@
  PP6@@
  PP7@@
  PP8@@@
  PQ2@
  PQ2@@
  PQ3@
  PQ5@
  PQ5@@
  PQ8@@
  PR1@
  PR2@
  PR3@
  PR4@
  PR5@
  PR7@@
  PR7@@@
  PR8@@
  PS2@
  PS4@
  PS7@@
  PS8@@
  PT1@
  PT2@@
  PT2@@@
  PT3@
  PT4@
  PT5@
  PT6@
  PT7@@
  PT7@@/@@#
  PT8@@
  PT9@@
  PU1@@@
  PU2@@@
  PU3@@@
  PU4@@@
  PU5@@@
  PU7@@@
  PU8@@@
  PU9@@@
  PV2@
  PV4@
  PV7@
  PV8@@
  PV8@@@
  PW1@
  PW2@
  PW2@@
  PW5@
  PW7@
  PW7@@
  PX1@
  PX2@
  PX4@
  PX5@
  PY0@
  PY0@@
  PY1@@
  PY1@@@
  PY2@
  PY2@@
  PY2@@@
  PY3@@
  PY3@@@
  PY4@@
  PY4@@@
  PY5@@
  PY5@@@
  PY6@@
  PY7@@
  PY8@@
  PY9@@
  PZ2@@
  PZ5@
  PZ5@@
  R0A
  R0A@
  R0A@@
  R0B@
  R0C@
  R0C@@
  R0D@
  R0H@
  R0J@
  R0L@
  R0M@
  R0N@
  R0Q@@
  R0R@
  R0S@
  R0S@@
  R0T@
  R0U@
  R0U@@
  R0W@
  R0X@
  R10#@@
  R12#@@
  R19##@@
  R19#@@
  R1A@
  R1B@
  R1B@@
  R1C@
  R1C@/@
  R1C@@
  R1D@
  R1E@@
  R1F@
  R1I@
  R1L@
  R1N@
  R1O@@
  R1Q@
  R1Q@@
  R1T@/#
  R1Z@
  R20##@@
  R2A@
  R2A@/#
  R2A@@
  R2A@@/@
  R2B@@
  R2C@
  R2D@
  R2D@@
  R2D@@/@
  R2E@
  R2E@/#
  R2F@
  R2F@@
  R2G@
  R2G@@
  R2H@
  R2K@
  R2L@@
  R2O@
  R2O@@
  R2P@
  R2Q@
  R2R@
  R2S@
  R2S@@
  R2U@
  R2V@
  R2V@/@
  R2W@
  R2X@
  R2Y@
  R2Y@@
  R2Z@
  R2Z@@
  R32#@
  R32#@@
  R3A@
  R3A@@
  R3B
  R3B@
  R3C@
  R3D@@
  R3E@
  R3F@
  R3G@
  R3H@
  R3I@@
  R3K@
  R3K@@/@
  R3L@
  R3L@@
  R3M@
  R3M@@
  R3N@@
  R3O@
  R3P@
  R3P@@
  R3Q@
  R3R@
  R3R@@
  R3S@
  R3T@
  R3T@@
  R3U@
  R3U@@
  R3V@
  R3W@
  R3X@
  R3Y@
  R3Y@@
  R3Z@
  R41@/@
  R4A@
  R4A@@
  R4B@
  R4C@
  R4D@
  R4F@
  R4F@@
  R4F@@/#/@
  R4G@
  R4H@
  R4H@@
  R4I@
  R4K@
  R4L@
  R4M@
  R4N@
  R4N@@
  R4O@
  R4P@
  R4P@@
  R4R@
  R4S@
  R4S@@
  R4U@
  R4W@
  R4W@/@
  R4W@@
  R4Y@
  R4Z@
  R5A@
  R5A@@
  R5B@
  R5C@
  R5D@
  R5D@/@
  R5F@
  R5G@
  R5I@
  R5P@
  R5Q@
  R5R@
  R5R@/@
  R5S@
  R5W@
  R6A@
  R6B@
  R6C@
  R6C@/@
  R6D@
  R6D@@
  R6F@
  R6F@@
  R6G@
  R6H@
  R6K@
  R6K@@
  R6L@@
  R6M@
  R6O
  R6R@
  R6Y@
  R7A@
  R7B@
  R7C@
  R7D@
  R7F@
  R7G@
  R7H@
  R7K@
  R7K@@
  R7L@
  R7M@
  R7N@
  R7Q@
  R7R@
  R7R@@
  R7T@
  R80#@@@
  R8A@
  R8A@@
  R8C@
  R8C@@
  R8D@
  R8F@
  R8F@/#
  R8I@
  R8J@@
  R8L@
  R8M@/#
  R8O@
  R8T@
  R8U@
  R8V@
  R8W@
  R8X@
  R9A@
  R9A@@
  R9C@
  R9C@@
  R9D@
  R9F@
  R9F@@
  R9G@
  R9H@
  R9H@@
  R9I@
  R9J@
  R9J@@
  R9L@
  R9M@
  R9O@
  R9O@@
  R9P@
  R9Q@
  R9R@
  R9S@
  R9S@@
  R9T@
  R9U@
  R9V@
  R9W@
  R9W@@
  R9X@
  R9X@/#
  R9X@@
  R9Y@
  R9Y@/@
  R9Y@@
  RA0@
  RA0@@
  RA0@@@
  RA0@@@@
  RA1@@
  RA1@@/#
  RA1@@@
  RA2@
  RA2@@
  RA3@
  RA3@@
  RA3@@@
  RA4@
  RA4@@
  RA4@@@
  RA4@@@/#
  RA5@
  RA5@@
  RA6@
  RA6@@
  RA6@@@
  RA7@
  RA7@@
  RA7@@/@
  RA8@
  RA8@@
  RA9@
  RA9@@
  RA9@@/@@@
  RA9@@@
  RC0@
  RC0@@
  RC1@
  RC2@
  RC3@
  RC3@@
  RC4@
  RC4@@
  RC5@
  RC6@
  RC6@@
  RC6@@@
  RC7@
  RC7@@
  RC7@@/#
  RC8@
  RC8@@
  RC9@
  RC9@@
  RD0@
  RD1@
  RD1@@
  RD2@
  RD3@
  RD3@@
  RD3@@@
  RD4@
  RD4@@
  RD5@
  RD7@
  RD7@@
  RD8@
  RD9@
  RD9@@
  RF9@
  RG0@
  RG1@
  RG2@
  RG3@
  RG4@
  RG5@
  RG5@/#
  RG6#@@
  RG6#@@@
  RG6@
  RG7@
  RG8@
  RG9@
  RJ3@
  RJ4@
  RJ6@
  RJ7@
  RJ9@
  RK0@
  RK0@@
  RK0@@@
  RK1@
  RK1@@
  RK1@@@
  RK2@
  RK3@
  RK3@@
  RK3@@/@
  RK3@@@
  RK4@
  RK4@@
  RK4@@@
  RK6#@@@
  RK6@@
  RK6@@@
  RK7@
  RK8@
  RK9@
  RK9@@
  RK9@@@
  RL1@
  RL1@/@
  RL2@
  RL3#@@
  RL3@
  RL3@@
  RL4@
  RL4@/#
  RL5@
  RL6#@@
  RL6#@@@
  RL6@
  RL6@@
  RL8@
  RL9@
  RM0@
  RM0@@@
  RM1@
  RM2@
  RM3@
  RM3@@
  RM4@
  RM4@@
  RM5@
  RM6@
  RM6@@
  RM7@
  RM7@/@
  RM8@
  RM9@
  RM9@/@
  RM9@@
  RN0@
  RN0@@
  RN1@
  RN1@@
  RN2@
  RN2@@
  RN3@
  RN3@@
  RN3@@/@
  RN3@@@
  RN4@
  RN4@@
  RN4@@@
  RN5@
  RN5@@
  RN6#@@
  RN6#@@@
  RN6@
  RN6@@
  RN7@
  RN9@
  RN9@@
  RN9@@@
  RO1@
  RO2@
  RO3@
  RO4@
  RO5@
  RO7@
  RO9@
  RQ0@
  RQ2@
  RQ3@
  RQ4@
  RQ5@
  RQ6@
  RQ7@
  RQ9@
  RR9@
  RT0@
  RT1@
  RT2@
  RT3@
  RT3@@
  RT4@
  RT5@
  RT5@/#
  RT6@
  RT6@@
  RT7@
  RT8@
  RT9@
  RT9@/#
  RT9@@
  RTT@
  RU0@
  RU0@@
  RU0@@@
  RU1@
  RU1@@
  RU1@@@
  RU2@
  RU3@
  RU3@@
  RU3@@/#
  RU3@@@
  RU4@
  RU4@@
  RU5@
  RU5@@
  RU6@
  RU6@@
  RU6@@/@
  RU7@
  RU7@@
  RU8@
  RU9@
  RU9@@
  RU9@@/#
  RV0@@
  RV1@@
  RV3@
  RV3@@
  RV3@@@
  RV6@
  RV6@@
  RV6@@/@
  RV6@@@
  RV7@
  RV7@/#
  RV9@
  RV9@@
  RV9@@@
  RW0@
  RW0@@
  RW0@@@
  RW1@
  RW1@@
  RW1@@/#
  RW2@
  RW2@@
  RW3@
  RW3@@
  RW3@@@
  RW4@
  RW4@@
  RW4@@/#
  RW4@@@
  RW4@@@/#
  RW5@@
  RW6@
  RW6@@
  RW6@@@
  RW7@
  RW7@@
  RW8@
  RW8@/#
  RW9@
  RW9@@
  RW9@@@
  RX0@
  RX0@@
  RX1@
  RX1@@
  RX3@
  RX3@@
  RX3@@@
  RX4@@
  RX6@@
  RX6@@@
  RX7@
  RX9@
  RX9@@
  RX9@@@
  RY0@
  RY2@
  RY3@
  RY3@@@
  RY4@
  RY5@
  RY5@@@
  RY6@
  RY6@@@
  RY7@
  RY9@
  RZ0@
  RZ0@@
  RZ1@
  RZ1@@
  RZ2@
  RZ3#@@
  RZ3@
  RZ3@@
  RZ3@@@
  RZ4@
  RZ4@@
  RZ4@@@
  RZ5@
  RZ5@@
  RZ6@
  RZ6@@
  RZ8@
  RZ9@
  RZ9@@
  RZ9@@/#
  S01@@
  S3E@
  S5/@#@@@
  S50#@
  S50@
  S50@@
  S50@@@
  S51@
  S51@@
  S51@@@
  S52#@@@@
  S52@
  S52@@
  S53@
  S53@/@
  S53@@
  S53@@@
  S54##@
  S54@
  S54@@
  S55@
  S55@@
  S56@
  S56@@
  S56@@@
  S57#@
  S57@
  S57@@
  S57@@@
  S58#@@@
  S58@
  S58@@
  S59@
  S59@@
  S59@@@
  S5O@
  S6C@
  S79@
  S79@@
  SA0@@@
  SA1@@
  SA5@@@
  SA6@
  SA6@@@
  SB0@
  SB3@
  SB5@
  SB6@
  SB7@
  SB9@@
  SC0@
  SC3@
  SC6@@
  SC7@@
  SD0@
  SD1@
  SD3@
  SD4##@@
  SD4@
  SD5@
  SD6@
  SD7@
  SE0@
  SE2@
  SE3@
  SE4@
  SE5@
  SE6@
  SE7@
  SE9@@
  SF0@
  SF1@
  SF3@
  SF4@
  SF5@
  SF6@
  SF7@
  SF7@@
  SG0@
  SG1@
  SG3@
  SG4@
  SG5@
  SG6@
  SG7@
  SI0@
  SI2@
  SI3@
  SI5@
  SI6@
  SI9@@
  SJ0@
  SJ2@
  SJ3@
  SJ4@
  SJ6@
  SK0@@
  SK2@
  SK2@@
  SK3@
  SK3@@
  SK4#@@
  SK4@@
  SK5#@@
  SK5@
  SK5@@
  SK6@
  SK6@@
  SK7#@@
  SK7@
  SK9@@
  SM0/@@#@@
  SM0@
  SM0@@@
  SM0@@@/#
  SM1@@@
  SM2@
  SM2@@@
  SM3@@@
  SM4@
  SM4@@@
  SM5@
  SM5@@
  SM5@@@
  SM6@
  SM6@@
  SM6@@@
  SM7@
  SM7@@@
  SM8@
  SM9@
  SN0@
  SN0@@
  SN1##@
  SN1##@@
  SN1@
  SN1@@
  SN2#@@@
  SN2@
  SN3@
  SN4#@@
  SN4@
  SN4@@
  SN5@
  SN5@/@
  SN5@@
  SN6#@@@
  SN6@
  SN7#@
  SN7#@@
  SN7@
  SN8##@@
  SN8@
  SN9#@@@@
  SN9@
  SO0@
  SO1@@@
  SO2@
  SO3@
  SO3@@
  SO4@
  SO5#@@
  SO5@
  SO5@@
  SO5@@@
  SO6@
  SO7#@@
  SO7@
  SO7@@@
  SO8@@
  SO9#@@@
  SO9@
  SO9@@
  SP0@@
  SP1@
  SP1@@
  SP1@@@
  SP2@
  SP2@@
  SP2@@@
  SP3@
  SP3@@
  SP3@@@
  SP4@
  SP4@@
  SP4@@@
  SP5#@@@
  SP5@
  SP5@@
  SP5@@@
  SP5@@@/#
  SP6#@@@
  SP6@
  SP6@@
  SP6@@@
  SP7@
  SP7@@
  SP7@@@
  SP8@
  SP8@@
  SP8@@@
  SP9#@@@
  SP9#@@@@
  SP9@
  SP9@@
  SP9@@@
  SQ1@
  SQ1@@
  SQ1@@@
  SQ2@
  SQ2@@
  SQ2@@@
  SQ3@
  SQ3@@
  SQ3@@@
  SQ4@
  SQ4@@
  SQ4@@@
  SQ5@
  SQ5@@
  SQ5@@@
  SQ6@
  SQ6@@
  SQ6@@@
  SQ7@
  SQ7@@
  SQ7@@@
  SQ8@
  SQ8@@
  SQ8@@@
  SQ9#@@@
  SQ9@
  SQ9@@
  SQ9@@@
  SU0@@@
  SU8@
  SU9@@
  SV1@@
  SV1@@@
  SV1@@@/#
  SV2/@@#@@@
  SV2@@
  SV2@@@
  SV3@@
  SV3@@@
  SV3@@@/#
  SV4@@@
  SV5/@@#@@@
  SV5@@
  SV5@@@
  SV6@@@
  SV7@@@
  SV8@@@
  SV9@@
  SV9@@@
  SW8@@
  SW9@@
  SX0@@
  SX1@
  SX2@
  SX2@@@
  SX9@
  SY1@@@
  SY8@@@
  SZ1@
  SZ3@
  SZ4@@@
  SZ5@@@
  SZ6@
  SZ8@@@
  T2A@
  T2E@
  T2F
  T2H@
  T2X
  T31@@
  T32@@
  T40@
  T40@@
  T42@
  T42@@
  T43@@
  T46@
  T48@@
  T5M
  T6A
  T6A@
  T6U@
  T70@
  T77@
  T7D@
  T88@@
  T8H@
  T8T@
  TA/@@#@@
  TA0@
  TA0@@
  TA0@@@
  TA1@
  TA1@/#
  TA1@/#@
  TA1@@
  TA1@@/#
  TA1@@@
  TA2@
  TA2@@
  TA2@@/#
  TA2@@@
  TA3@
  TA3@@
  TA3@@@
  TA4/@@#@
  TA4/@@#@@
  TA4@
  TA4@@
  TA4@@@
  TA5@@
  TA7@
  TA7@@
  TA7@@@
  TA8@@
  TA9@
  TC0@
  TC2#@@@
  TC2@
  TC2@@
  TC3@
  TC3@@
  TC4@
  TC7@
  TE7@
  TF1@@
  TF2@
  TF2@@
  TF2@@@
  TF3@
  TF3@@
  TF3@@@
  TF4@
  TF8@@
  TG0@@
  TG2##@
  TG4/@@#@
  TG9@@
  TG9@@@
  TI0@@
  TI1@
  TI2@
  TI2@@
  TI2@@@
  TI3@@
  TI3@@@
  TI5/@#@@
  TI5@
  TI5@@@
  TI7@
  TI8@
  TI8@@
  TK/@##@
  TK0@
  TK4@@
  TK5@@
  TK8@@
  TL7@
  TM0@
  TM0@@
  TM0@@@
  TM1#@@@
  TM1@
  TM1@@@
  TM1@@@@
  TM2#@
  TM2#@@
  TM2@
  TM2@@@
  TM3#@@@
  TM3@
  TM3@@
  TM4@
  TM5#@@@
  TM5@
  TM5@@
  TM6#@@@
  TM6@
  TM6@@
  TM7#@
  TM7@
  TM8@
  TM9@
  TO0@
  TO1@
  TO2@@
  TO3@
  TO4@
  TO5@
  TO7@
  TO9@
  TR8@@
  TT8@
  TX2@
  TZ1@@
  U1B@
  U3T@
  U5I
  U5M@
  UA0@
  UA0@/@
  UA0@@
  UA0@@@
  UA1@
  UA1@@
  UA1@@@
  UA1@@@/@
  UA2@
  UA2@@
  UA2@@@
  UA3@
  UA3@/@
  UA3@@
  UA3@@@
  UA4@
  UA4@@
  UA4@@@
  UA5@
  UA6@
  UA6@@
  UA6@@@
  UA7@
  UA7@@
  UA8@
  UA8@@/#
  UA9@
  UA9@@
  UA9@@/@
  UA9@@@
  UA9@@@/#
  UA9@@@/@
  UB0@
  UB0@@@
  UB1@@@
  UB2@
  UB3@
  UB3@@@
  UB4@
  UB5@@@
  UB6@
  UB7@
  UB7@@@
  UB8@
  UB8@@@
  UC0@
  UC1@
  UC2@
  UC4@
  UC5@
  UC6@
  UC6@@
  UC7@
  UC8@
  UC9@
  UD0@
  UD1@
  UD2@
  UD3@
  UD4@
  UD6@
  UD6@@@/#
  UD7@
  UD8@
  UD9@
  UE3#@@
  UF0@
  UF1@
  UF2@
  UF4@
  UF5@
  UF8@
  UG3@
  UG4@
  UG5@
  UG8@
  UG9@
  UI0@
  UI2@
  UI3@
  UI4@
  UI5@
  UI7@
  UI8@
  UK7@@
  UK8@@
  UK8@@@
  UK9@@
  UN0@
  UN0@@
  UN1@@
  UN1@@@
  UN2@
  UN3#@@@
  UN3@
  UN3@@
  UN4@
  UN4@@
  UN5@
  UN5@@
  UN6@
  UN6@@
  UN7@
  UN7@@
  UN7@@@
  UN8@@
  UN9@
  UN9@@
  UN9@@@
  UP0@
  UP1@
  UP2@
  UP3@
  UP4@
  UP5@
  UP7@
  UP9@
  UR0@@
  UR1@
  UR1@@
  UR1@@@
  UR2@
  UR2@@
  UR3@@
  UR3@@@
  UR4@@
  UR4@@@
  UR5@
  UR5@@
  UR5@@@
  UR5@@@/@
  UR6@@
  UR6@@@
  UR7@
  UR7@@
  UR7@@@
  UR8@@
  UR9@@
  US0@
  US0@@
  US1@
  US1@@
  US2@
  US2@@
  US3@
  US3@@
  US3@@@
  US4@
  US4@@
  US4@@@
  US5@
  US5@@
  US5@@@
  US6@@
  US6@@@
  US7@@
  US7@@@
  US7@@@/@
  US8@@
  US8@@@
  UT/@#@@
  UT/@@#@@
  UT0@
  UT0@@
  UT1@
  UT1@@
  UT1@@@
  UT2@
  UT2@@
  UT3@
  UT3@@
  UT3@@@
  UT4@
  UT4@@
  UT4@@@
  UT5@
  UT5@@
  UT5@@/@@
  UT5@@@
  UT6@@
  UT6@@@
  UT7@
  UT7@@
  UT7@@@
  UT8@@
  UT9@@
  UV1@@
  UV2@
  UV2@@
  UV3@@
  UV5@
  UV5@@
  UV5@@@
  UV7@
  UV7@@
  UW0@
  UW1@
  UW1@@
  UW2@
  UW3@
  UW3@@
  UW4@
  UW4@@
  UW5@
  UW5@@
  UW5@@@
  UW5@@@/@@
  UW6@
  UW7@
  UW7@@
  UW7@@@
  UW8@@
  UX0@@
  UX1@@
  UX2@
  UX2@@
  UX3@
  UX3@@
  UX4@
  UX4@@
  UX5@
  UX5@@
  UX6@
  UX6@@
  UX7@
  UX7@@
  UX8@@
  UX9@
  UX9@@
  UY0@@
  UY1@@
  UY2@@
  UY3@
  UY3@@
  UY4@
  UY5@
  UY5@@
  UY7@
  UY7@@
  UY8@@
  UY9@
  UZ0@
  UZ1@
  UZ1@@
  UZ1@@@
  UZ2@
  UZ2@@
  UZ3@
  UZ4@
  UZ5@
  UZ5@@
  UZ7@
  UZ8@
  UZ9@
  V26@
  V2B@
  V31@@
  V3A
  V3E@
  V3M
  V3O
  V3T
  V4/@#@@
  V4/@@#@
  V47@
  V47@@
  V49@
  V51@@
  V55@
  V63@@
  V73@@
  V85@
  V85@@
  V85@@@
  VA1@@
  VA1@@@
  VA2@@
  VA2@@/@
  VA2@@@
  VA3@@
  VA3@@@
  VA4@@
  VA5@@
  VA5@@@
  VA6@@
  VA6@@@
  VA7@@
  VA7@@@
  VB1@
  VB2@
  VB3@
  VB7@
  VC2@
  VC3@
  VC4@
  VC6@
  VC7@
  VD1@@
  VE1@@
  VE1@@@
  VE1@@@/@@#
  VE2/@@#@@
  VE2/@@#@@@
  VE2@@
  VE2@@@
  VE3/@#@@@
  VE3@@
  VE3@@@
  VE3@@@/@@#
  VE4@@
  VE4@@@
  VE5@@
  VE5@@@
  VE6/@#@@
  VE6/@@#@@
  VE6@@
  VE6@@@
  VE6@@@/#
  VE7@@
  VE7@@@
  VE7@@@/#
  VE7@@@/@#
  VE8@@
  VE8@@@
  VE9@@
  VE9@@@
  VE9@@@@
  VER########
  VJ3@
  VJ4@
  VJ5@
  VJ6@
  VK1@
  VK1@@
  VK1@@@
  VK2@
  VK2@@
  VK2@@/@
  VK2@@@
  VK2@@@/@#
  VK2@@@@
  VK3@@
  VK3@@/@
  VK3@@@
  VK3@@@/@
  VK4@@
  VK4@@/@
  VK4@@@
  VK4@@@@
  VK5@
  VK5@@
  VK5@@@
  VK5@@@@
  VK6@
  VK6@@
  VK6@@/@
  VK6@@@
  VK6@@@/@
  VK7@@
  VK7@@@
  VK8@@
  VK8@@@
  VK9@@
  VL1@
  VL2@
  VL4@
  VL6@
  VL8@
  VO1@
  VO1@@
  VO1@@@
  VO2@@
  VO2@@@
  VP2@
  VP2@@
  VP2@@@
  VP5@
  VP6@
  VP8@@
  VP9/@#@@
  VP9@
  VP9@@
  VR2@
  VR2@/@
  VR2@@
  VR2@@@
  VT2@@
  VU2@@
  VU2@@@
  VU3@@@
  VX2@
  VX3@
  VX3@@@
  VX4@@@@
  VY0@@
  VY0@@@
  VY1@@
  VY1@@@
  VY2/@#@@
  VY2/@#@@@
  VY2@@
  VY2@@@
  VY2@@@@#@@@
  VZ3#@
  W0A/##
  W0A@
  W0A@@
  W0B@
  W0B@@
  W0C@
  W0C@@
  W0D@
  W0D@@
  W0D@@/#
  W0E@
  W0E@@
  W0F@
  W0F@@
  W0G@
  W0G@@
  W0H@
  W0H@@
  W0I@
  W0I@@
  W0J@
  W0J@@
  W0K@
  W0K@@
  W0L@
  W0L@@
  W0M@
  W0M@@
  W0N@
  W0N@@
  W0O@
  W0O@@
  W0P@
  W0P@@
  W0Q@
  W0Q@@
  W0R@
  W0R@@
  W0S@
  W0S@@
  W0T@
  W0T@@
  W0U@
  W0U@@
  W0V@
  W0V@@
  W0W@
  W0W@@
  W0X@
  W0X@@
  W0Y@
  W0Y@@
  W0Z@
  W0Z@@
  W1/@@#@
  W1/@@#@@
  W1A@
  W1A@@
  W1B@
  W1B@@
  W1C@
  W1C@@
  W1D@
  W1D@@
  W1E@
  W1E@@
  W1F@
  W1F@@
  W1G@
  W1G@@
  W1H@
  W1H@@
  W1I@
  W1I@@
  W1J@
  W1J@@
  W1K@
  W1K@@
  W1L@
  W1L@@
  W1M@
  W1M@@
  W1N@
  W1N@@
  W1O@
  W1O@@
  W1P@
  W1P@@
  W1Q@
  W1Q@@
  W1R@
  W1R@@
  W1S@
  W1S@@
  W1T@
  W1T@@
  W1U@
  W1U@/@@#
  W1U@@
  W1V@
  W1V@@
  W1W@
  W1W@@
  W1X@
  W1X@@
  W1Y@
  W1Y@/#
  W1Y@@
  W1Z@
  W1Z@@
  W2/@##@@
  W2/@@#@@
  W2A@
  W2A@@
  W2B@
  W2B@@
  W2B@@/#
  W2C@
  W2C@@
  W2D@
  W2D@@
  W2E@
  W2E@@
  W2F@
  W2F@@
  W2G@
  W2G@@
  W2H@
  W2H@/#
  W2H@@
  W2I/@@@@@@@@
  W2I@
  W2I@@
  W2I@@/#
  W2J@
  W2J@@
  W2K@
  W2K@@
  W2L@
  W2L@@
  W2M@
  W2M@@
  W2N@
  W2N@/#
  W2N@@
  W2O@
  W2O@@
  W2P@
  W2P@@
  W2Q@
  W2Q@@
  W2R@
  W2R@@
  W2S@
  W2S@@
  W2T@
  W2T@@
  W2U@
  W2U@@
  W2V@
  W2V@/#
  W2V@@
  W2V@@/#
  W2W@
  W2W@@
  W2X@
  W2X@@
  W2Y@
  W2Y@@
  W2Z@
  W2Z@@
  W3A@
  W3A@@
  W3A@@/#
  W3B@
  W3B@@
  W3C@
  W3C@@
  W3D@
  W3D@@
  W3E@
  W3E@/#
  W3E@@
  W3F@
  W3F@@
  W3G@
  W3G@@
  W3H@@
  W3I@
  W3I@@
  W3J@
  W3J@@
  W3J@@/@
  W3K@
  W3K@@
  W3L@
  W3L@@
  W3M@
  W3M@@
  W3M@@/#
  W3N@
  W3N@@
  W3O@
  W3O@@
  W3O@@/#
  W3P@
  W3P@@
  W3Q@
  W3Q@@
  W3R@
  W3R@@
  W3S@
  W3S@@
  W3T@
  W3T@@
  W3U@
  W3U@@
  W3V@
  W3V@@
  W3W@
  W3W@@
  W3X@
  W3X@@
  W3Y@
  W3Y@@
  W3Z@
  W3Z@@
  W4A@
  W4A@@
  W4B@
  W4B@@
  W4C@
  W4C@@
  W4D@
  W4D@@
  W4E@
  W4E@@
  W4E@@/#
  W4F@
  W4F@@
  W4G@
  W4G@@
  W4H@
  W4H@@
  W4I@
  W4I@@
  W4J@
  W4J@@
  W4K@
  W4K@@
  W4L@
  W4L@@
  W4M@
  W4M@@
  W4N@
  W4N@@
  W4O@
  W4O@@
  W4P@
  W4P@@
  W4Q@
  W4Q@@
  W4R@
  W4R@@
  W4S@
  W4S@@
  W4T@
  W4T@@
  W4U@
  W4U@@
  W4V@
  W4V@@
  W4W@
  W4W@@
  W4X@
  W4X@@
  W4Y@
  W4Y@@
  W4Z@
  W4Z@@
  W4Z@@/#
  W5A
  W5A@
  W5A@/#
  W5A@@
  W5B@
  W5B@@
  W5C@
  W5C@@
  W5D@
  W5D@@
  W5E@
  W5E@@
  W5F@
  W5F@@
  W5G@
  W5G@@
  W5H@
  W5H@@
  W5I@
  W5I@@
  W5J@
  W5J@@
  W5K@
  W5K@@
  W5L@
  W5L@@
  W5M@
  W5M@@
  W5M@@/@@#
  W5N@
  W5N@@
  W5O@
  W5O@@
  W5P@
  W5P@@
  W5Q@
  W5Q@@
  W5R@
  W5R@@
  W5S@
  W5S@@
  W5T@
  W5T@@
  W5U@
  W5U@@
  W5V@
  W5V@@
  W5W@
  W5W@@
  W5X@
  W5X@@
  W5Y@
  W5Y@@
  W5Z@
  W5Z@@
  W6A@
  W6A@@
  W6B@
  W6B@@
  W6C@
  W6C@@
  W6D@
  W6D@@
  W6E@
  W6E@@
  W6F@
  W6F@@
  W6G@
  W6G@@
  W6H@@
  W6I@
  W6I@@
  W6J@
  W6J@@
  W6K@
  W6K@@
  W6L@
  W6L@@
  W6M@
  W6M@@
  W6N@
  W6N@@
  W6O@
  W6O@@
  W6P@
  W6P@@
  W6Q@
  W6Q@@
  W6R@
  W6R@/#
  W6R@@
  W6S@
  W6S@@
  W6T@
  W6T@@
  W6U@
  W6U@@
  W6V@
  W6V@@
  W6W@
  W6W@@
  W6X@
  W6Y@
  W6Y@@
  W6Z@
  W6Z@@
  W7A@
  W7A@@
  W7B@
  W7B@@
  W7C@
  W7C@@
  W7D@
  W7D@@
  W7E@
  W7E@@
  W7F@
  W7F@@
  W7G@
  W7G@@
  W7H@
  W7H@@
  W7I@
  W7I@/#
  W7I@@
  W7J@@
  W7K@
  W7K@@
  W7L@
  W7L@@
  W7M@
  W7M@@
  W7N@
  W7N@@
  W7O@
  W7O@@
  W7P@
  W7P@@
  W7Q@
  W7Q@@
  W7R
  W7R@
  W7R@/#
  W7R@@
  W7S@
  W7S@@
  W7S@@/#
  W7T@
  W7T@@
  W7U@
  W7U@@
  W7V@
  W7V@@
  W7W@
  W7W@@
  W7X@
  W7Y@
  W7Y@@
  W7Z@
  W7Z@@
  W8/@@#@
  W8/@@#@@@
  W8A@
  W8A@@
  W8B@
  W8B@@
  W8C@
  W8C@@
  W8D@
  W8D@@
  W8E@
  W8E@@
  W8F@
  W8F@@
  W8G@
  W8G@@
  W8H@
  W8H@@
  W8I/@@@@@@@@
  W8I@
  W8I@@
  W8J@
  W8J@@
  W8K@
  W8K@/#
  W8K@@
  W8L@
  W8L@@
  W8M@
  W8M@@
  W8N@
  W8N@@
  W8O@
  W8P@
  W8P@@
  W8Q@
  W8Q@@
  W8R@
  W8R@@
  W8R@@/#
  W8S@
  W8S@@
  W8T@
  W8T@@
  W8U@
  W8U@@
  W8V@
  W8V@@
  W8W@
  W8W@@
  W8X@
  W8X@@
  W8Y@
  W8Z@
  W8Z@@
  W9/@@#@
  W9A@
  W9A@@
  W9B@
  W9B@@
  W9C@
  W9C@@
  W9D@
  W9D@@
  W9E@
  W9E@@
  W9F@
  W9F@@
  W9F@@/#
  W9G@
  W9G@@
  W9H@
  W9H@@
  W9I@
  W9I@@
  W9J@
  W9J@@
  W9K@
  W9K@@
  W9K@@/#
  W9L@
  W9L@@
  W9M@
  W9M@@
  W9N@
  W9N@@
  W9N@@/#
  W9O@
  W9O@/#
  W9O@@
  W9P@
  W9P@/#
  W9P@@
  W9Q@
  W9R@
  W9R@@
  W9S@
  W9S@@
  W9T@
  W9T@@
  W9U@
  W9U@@
  W9V@
  W9V@@
  W9W@
  W9W@@
  W9X@
  W9Y@
  W9Y@@
  W9Z@
  W9Z@@
  WA0@
  WA0@@
  WA0@@@
  WA1@
  WA1@@
  WA1@@@
  WA1@@@/#
  WA2@
  WA2@@
  WA2@@@
  WA3@
  WA3@@
  WA3@@@
  WA3@@@/#
  WA4@
  WA4@@
  WA4@@@
  WA5@
  WA5@@
  WA5@@@
  WA6@
  WA6@@
  WA6@@@
  WA7@
  WA7@@
  WA7@@@
  WA7@@@/#
  WA8@
  WA8@@
  WA8@@@
  WA9@
  WA9@@
  WA9@@@
  WA9@@@/#
  WB0@
  WB0@@@
  WB0@@@/#
  WB1@@
  WB1@@@
  WB2@
  WB2@@
  WB2@@@
  WB2@@@/#
  WB3@
  WB3@@@
  WB4@
  WB4@@
  WB4@@@
  WB5@
  WB5@@
  WB5@@@
  WB6@
  WB6@@@
  WB6@@@/#
  WB7@
  WB7@@
  WB7@@@
  WB8@
  WB8@@
  WB8@@@
  WB9@
  WB9@@@
  WC0@
  WC0@@
  WC0@@@
  WC1@
  WC1@/@@#
  WC2@
  WC2@@
  WC3@
  WC4@
  WC5@
  WC5@@
  WC6@
  WC6@@/###
  WC7@
  WC8@
  WC8@@@
  WC9@
  WC9@@
  WD0@
  WD0@@
  WD0@@@
  WD1@
  WD1@@
  WD2@
  WD3@
  WD3@@
  WD3@@@
  WD4@@
  WD4@@@
  WD5@
  WD5@@@
  WD6@
  WD6@@@
  WD7@
  WD7@@
  WD8@
  WD8@@
  WD8@@@
  WD9@
  WD9@@@
  WE0@
  WE0@@
  WE0@@@
  WE1@
  WE1@@@
  WE2@
  WE2@@
  WE2@@@
  WE3@@
  WE4@
  WE4@@
  WE4@@@
  WE5@
  WE5@@
  WE6@
  WE6@@
  WE7@
  WE7@@
  WE7@@@
  WE8@
  WE9@
  WE9@@
  WF0@@
  WF1@
  WF1@@
  WF2@
  WF3@
  WF4@
  WF4@@
  WF5@
  WF6@
  WF7@
  WF8@
  WF9@
  WG0@
  WG2@
  WG3@
  WG4@
  WG4@@
  WG4@@@
  WG5@
  WG7@
  WG7@@
  WG8@
  WG9@
  WH6@
  WH6@@
  WH6@@@
  WH7@
  WH7@@
  WI0@
  WI0@@
  WI1@
  WI2@
  WI3@
  WI4@
  WI5@@
  WI6@
  WI6@@
  WI7@
  WI8@
  WI9@
  WI9@@
  WJ0@
  WJ1@
  WJ2@
  WJ3@
  WJ4@
  WJ4@@
  WJ4@@@
  WJ5@
  WJ5@@
  WJ7@
  WJ8@
  WJ8@@@
  WJ9@
  WK0@
  WK1@
  WK1@@
  WK2@
  WK3@
  WK4@
  WK4@@
  WK5@
  WK6@
  WK6@/#
  WK6@@
  WK7@
  WK9@
  WL5@
  WL7@
  WL7@@
  WL7@@@
  WM0@
  WM1@
  WM3@
  WM3@@@
  WM4@
  WM4@@
  WM5@
  WM5@@
  WM6@
  WM7@
  WM8@
  WM9@
  WN0@
  WN1@@@
  WN1@@@/#
  WN2@
  WN3@
  WN3@@
  WN3@@@
  WN4@
  WN4@@
  WN4@@@
  WN6@
  WN7@
  WN8@
  WN8@/#
  WN8@@@
  WN9@
  WN9@@@
  WO0@
  WO1@
  WO2@
  WO3@
  WO4@
  WO4@@@
  WO5@
  WO6@
  WO7@
  WO9@
  WO9@@
  WP2@
  WP2@@
  WP3@
  WP3@@
  WP4@
  WP4@@
  WP4@@@
  WP4@@@/@#
  WQ0@
  WQ2@
  WQ3@
  WQ4@
  WQ4@@
  WQ5@
  WQ5@@
  WQ6@
  WQ6@@@
  WQ7@
  WQ8@
  WQ9@
  WR0@
  WR1@
  WR1@@
  WR2@
  WR3@
  WR4@
  WR4@@
  WR5@
  WR5@@
  WR6@
  WR7@
  WR8@
  WR8@@
  WR9@
  WS0@
  WS1@
  WS1@@
  WS2@
  WS3@
  WS4@
  WS4@@
  WS5@
  WS5@@@
  WS6@
  WS6@/#
  WS7@
  WS8@
  WS9@
  WT0@
  WT0@@
  WT1@
  WT2@
  WT2@/#
  WT3@
  WT4@
  WT4@@
  WT5@
  WT6@
  WT7@
  WT7@@
  WT8@
  WT8@@
  WT9@
  WU0@
  WU1@
  WU1@@@
  WU2@
  WU3@
  WU4@
  WU5@
  WU5@@@
  WU6@
  WU6@/#
  WU6@@
  WU7@
  WU9@
  WV0@
  WV1@
  WV2@
  WV3@
  WV4@
  WV4@@
  WV4@@@
  WV5@
  WV6@
  WV7@
  WV8@
  WV8@@
  WW0@
  WW0@@
  WW0@@@
  WW1@
  WW1@@
  WW2@
  WW2@@
  WW3@
  WW3@@@
  WW4@
  WW4@@
  WW4@@/#
  WW4@@/@@@@
  WW5@
  WW5@@
  WW6@
  WW6@@
  WW7@
  WW7@@
  WW8@
  WW8@@
  WW9@
  WW9@@
  WX0@
  WX1@
  WX2@
  WX2@@
  WX3@
  WX4@
  WX4@@
  WX5@
  WX5@@
  WX6@
  WX7@
  WX7@@
  WX8@
  WX8@/#
  WX9@
  WY0@
  WY2@
  WY3@
  WY6@
  WY6@@
  WY7@
  WY7@@
  WY8@@
  WZ0@
  WZ1@
  WZ2@
  WZ2@@
  WZ4@
  WZ6@
  WZ6@@
  WZ7@
  WZ7@@
  WZ8@
  WZ8@/#
  WZ8@@
  WZ9@
  XE1@
  XE1@@
  XE1@@@
  XE2@
  XE2@@
  XE2@@@
  XE3/@#@@@
  XE3@
  XE3@@
  XE7@
  XL2@
  XL3@
  XM1###@@@
  XP2@
  XP4@
  XQ1@@
  XQ3@@
  XQ3@@/#
  XQ4@@
  XQ5@@
  XQ5@@@
  XQ6@@
  XQ7@@
  XR0@@@
  XR1@
  XR2@
  XR3@
  XR6@
  XU7@@@
  XV1#@
  XV1@
  XV9@
  XV9@@@
  XX9@
  XZ2@
  YB0@
  YB0@@
  YB0@@@
  YB1@
  YB1@@
  YB1@@@
  YB2@
  YB2@@
  YB2@@@
  YB3@@
  YB3@@@
  YB4@
  YB4@@
  YB4@@@
  YB4@@@/#
  YB5@@
  YB5@@@
  YB6@@
  YB6@@@
  YB7@@
  YB7@@@
  YB8@@
  YB8@@/#
  YB8@@@
  YB9@
  YB9@@
  YB9@@@
  YC0@@
  YC0@@@
  YC1@@
  YC1@@@
  YC2@@
  YC2@@@
  YC3@@@
  YC4@@
  YC4@@@
  YC5@@
  YC6@@@
  YC7@@
  YC7@@@
  YC8@@
  YC8@@@
  YC9@@
  YC9@@@
  YD0@@@
  YD1@@@
  YD2@@@
  YD3@@@
  YD5@@@
  YD6@@@
  YD7@@@
  YD8@@@
  YD9@@
  YD9@@@
  YE0@@@
  YE1@
  YE1@@@
  YE3@@
  YE3@@@
  YE4@@
  YE7@@@
  YE8@@
  YE8@@@
  YE9@@@
  YES@@#@@
  YF0@@@
  YF2@@@
  YF3@@@
  YF4@@@
  YF5@@@
  YF7@@@
  YF8@@@
  YG8@@@
  YG9@@@
  YJ0@@
  YJ8@@
  YL0@
  YL1#@@@
  YL1@
  YL1@@
  YL2@@
  YL3#@@@
  YL3@@
  YL3@@@
  YL4@
  YL4@@
  YL5@
  YL6@
  YL7@
  YL8@
  YL9@
  YM1@@
  YM2@@
  YM3@@
  YM3@@@
  YM7@@
  YM7@@@
  YM7@@@/@
  YN1@@
  YN2@@
  YN7@@@
  YO1@@@@@@@@
  YO2@@
  YO2@@@
  YO3@@
  YO3@@@
  YO4@@
  YO4@@@
  YO5@@
  YO5@@@
  YO5@@@/@
  YO6@@
  YO6@@@
  YO7@@
  YO7@@@
  YO8@@
  YO8@@@
  YO9@@
  YO9@@@
  YP0@
  YP0@@
  YP3@
  YP5@
  YP6@
  YP7@
  YP8@
  YP8@@
  YP9@
  YQ6@
  YQ8@
  YR0@
  YR0@@
  YR2@
  YR3#@
  YR5@
  YR8@
  YR9@
  YS1@@
  YT0@
  YT0@@
  YT1@
  YT1@@
  YT2@
  YT2@@
  YT2@@@
  YT3@
  YT3@@
  YT3@@@
  YT4@
  YT4@@
  YT5@
  YT5@@
  YT5@@@
  YT6@
  YT7@
  YT7@@
  YT8@
  YT8@@
  YT9@
  YT9@@
  YU0@
  YU1@
  YU1@@
  YU1@@@
  YU2@
  YU2@@
  YU2@@@
  YU3@
  YU3@@
  YU3@@@
  YU4@@@
  YU5@
  YU5@@
  YU5@@@
  YU6@@
  YU7#@@@
  YU7@
  YU7@@
  YU7@@/@
  YU7@@@
  YU8@
  YU8@@
  YU9@
  YU9@@
  YV1@@
  YV1@@@
  YV2@@@
  YV4@@
  YV4@@@
  YV5@
  YV5@@
  YV5@@@
  YV6@@
  YV6@@@
  YV7@@@
  YV8@@
  YW1@
  YW5@
  YW6@@
  YY2@@@
  YY5@@@
  Z21@@
  Z30@
  Z30@@
  Z31@@
  Z32@
  Z32@@
  Z33@
  Z33@@
  Z35@
  Z36@
  Z37@
  Z39@
  Z3B
  Z3M
  Z3Y
  Z60@
  Z61@@
  Z62@@
  Z66@
  Z66@@
  ZA/@@#@@
  ZA1@
  ZA1@@
  ZB2@@
  ZD7@
  ZD7@@
  ZD8@@
  ZF1@
  ZF2@@
  ZF5@
  ZF9@@
  ZL1@
  ZL1@@
  ZL1@@@
  ZL2@
  ZL2@@
  ZL2@@@
  ZL3@
  ZL3@@
  ZL3@@@
  ZL4@@
  ZL4@@@/@
  ZL6@
  ZL6@@
  ZM0@
  ZM1@
  ZM2@
  ZM2@@@
  ZM3@
  ZM4@
  ZP5@@
  ZP5@@@
  ZP6/@@#@@
  ZP6/@@#@@@
  ZP6@@
  ZP6@@@
  ZP9@@@
  ZR2@
  ZR2@/#
  ZS1@
  ZS1@@
  ZS1@@@
  ZS2@@
  ZS2@@@
  ZS4@@
  ZS6@
  ZS6@@
  ZS6@@/@
  ZS6@@@
  ZS9@
  ZT1@
  ZV1@
  ZV1@@
  ZV2@
  ZV5@
  ZW1@
  ZW1@@@
  ZW2@
  ZW5@
  ZW5@@@@@@@@
  ZW6@
  ZW8#@@@@@
  ZW8@
  ZX2@
  ZX5@
  ZY1@
  ZY2@
  ZY5@
  ZY7@
  ZZ2@
  ZZ2@@
  ZZ3@@
  ZZ4@
  ZZ5@@
